reg__350: 
reg__209: 
reg__181: 
reg__333: 
reg__235: 
reg__434: 
case__76: 
reg__463: 
reg__488: 
reg__458: 
case__118: 
reg__437: 
reg__44: 
reg__242: 
reg__220: 
reg__264: 
reg__490: 
reg__24: 
logic__162: 
case__119: 
reg__386: 
case__33: 
reg__224: 
reg__316: 
reg__151: 
reg__46: 
logic__210: 
reg__228: 
reg__308: 
reg__176: 
reg__484: 
reg__417: 
reg__323: 
reg__526: 
case__70: 
logic__132: 
reg__381: 
reg__306: 
reg__566: 
reg__113: 
logic__176: 
reg__310: 
reg__132: 
case__146: 
reg__205: 
reg__372: 
sng_port_arb: 
reg__282: 
reg__101: 
reg__177: 
reg__105: 
reg__87: 
reg__260: 
logic__355: 
reg__90: 
reg__439: 
case__26: 
reg__218: 
logic__154: 
logic__373: 
reg__133: 
logic__170: 
reg__135: 
reg__462: 
reg__392: 
case__86: 
case__32: 
logic__161: 
reg__321: 
reg__128: 
reg__15: 
case__112: 
reg__385: 
axi_bram_ctrl: 
reg__331: 
reg__352: 
reg__422: 
reg__14: 
logic__387: 
reg__283: 
logic__199: 
logic__145: 
reg__509: 
case__20: 
reg__77: 
case__19: 
reg__210: 
reg__225: 
datapath__2: 
case__68: 
reg__378: 
reg__340: 
reg__76: 
reg__469: 
reg__43: 
case__56: 
logic__98: 
reg__460: 
muxpart__10: 
case__141: 
reg__471: 
reg__27: 
case__59: 
reg__118: 
reg__229: 
case__27: 
reg__444: 
logic__91: 
logic__200: 
reg__140: 
reg__182: 
reg__563: 
logic__250: 
reg__351: 
reg__465: 
reg__322: 
reg__187: 
reg__357: 
case__125: 
datapath: 
reg__523: 
case__31: 
reg__255: 
reg__121: 
case__79: 
logic__90: 
reg__418: 
case__28: 
reg__250: 
reg__421: 
case__82: 
reg__536: 
reg__162: 
reg__273: 
reg__147: 
reg__188: 
reg__245: 
reg__402: 
reg__500: 
case__120: 
reg__122: 
reg__9: 
reg__380: 
logic__241: 
reg__236: 
case__53: 
reg__424: 
reg__143: 
logic__211: 
logic__393: 
logic__78: 
logic__230: 
reg__414: 
datapath__1: 
reg__33: 
reg__487: 
reg__452: 
reg__38: 
reg__508: 
logic: 
logic__165: 
reg__535: 
reg__201: 
reg__174: 
reg__520: 
reg__278: 
logic__389: 
reg__313: 
reg__85: 
reg: 
reg__369: 
reg__185: 
logic__96: 
reg__144: 
reg__262: 
case__21: 
reg__75: 
reg__244: 
reg__193: 
reg__292: 
reg__284: 
reg__442: 
reg__247: 
logic__189: 
reg__497: 
reg__383: 
reg__553: 
reg__233: 
reg__362: 
reg__94: 
reg__393: 
reg__504: 
logic__246: 
case__54: 
case__149: 
muxpart__21: 
reg__169: 
reg__196: 
reg__496: 
reg__337: 
reg__559: 
logic__81: 
reg__341: 
reg__411: 
logic__158: 
reg__79: 
logic__198: 
logic__136: 
case__122: 
wrap_brst: 
reg__353: 
logic__97: 
reg__356: 
logic__392: 
reg__491: 
reg__367: 
reg__525: 
reg__433: 
case__73: 
reg__507: 
reg__312: 
reg__348: 
reg__475: 
reg__346: 
reg__194: 
reg__309: 
logic__207: 
case__151: 
case__148: 
reg__540: 
logic__11: 
logic__129: 
logic__171: 
reg__267: 
reg__320: 
reg__178: 
reg__394: 
reg__529: 
reg__349: 
reg__427: 
reg__86: 
reg__388: 
reg__272: 
reg__214: 
logic__251: 
reg__534: 
reg__265: 
reg__227: 
reg__154: 
reg__88: 
logic__139: 
reg__232: 
reg__158: 
case__81: 
reg__106: 
reg__547: 
reg__55: 
reg__457: 
reg__4: 
case__85: 
logic__377: 
logic__72: 
case__1: 
case__145: 
reg__375: 
reg__561: 
reg__32: 
reg__7: 
reg__568: 
reg__517: 
reg__426: 
logic__256: 
logic__55: 
reg__71: 
reg__155: 
reg__37: 
case__116: 
reg__191: 
case__134: 
reg__129: 
case__62: 
reg__531: 
reg__389: 
reg__93: 
reg__148: 
reg__114: 
reg__359: 
reg__403: 
reg__40: 
logic__204: 
reg__119: 
logic__201: 
reg__56: 
reg__560: 
reg__360: 
case__133: 
reg__141: 
reg__237: 
reg__120: 
reg__440: 
reg__66: 
reg__420: 
reg__204: 
reg__50: 
reg__557: 
reg__54: 
reg__478: 
reg__304: 
case__58: 
reg__514: 
reg__257: 
reg__345: 
reg__125: 
case__117: 
reg__294: 
reg__429: 
logic__239: 
reg__398: 
reg__570: 
reg__274: 
reg__5: 
reg__219: 
reg__567: 
reg__152: 
reg__441: 
logic__18: 
logic__354: 
reg__136: 
muxpart__9: 
case__142: 
reg__249: 
reg__477: 
reg__301: 
case__78: 
case__83: 
reg__329: 
reg__165: 
reg__142: 
reg__425: 
reg__263: 
case__113: 
reg__21: 
reg__200: 
logic__255: 
case__60: 
reg__379: 
reg__455: 
reg__166: 
reg__149: 
reg__189: 
reg__397: 
reg__170: 
reg__408: 
reg__339: 
case__84: 
reg__266: 
reg__280: 
reg__60: 
logic__14: 
reg__473: 
reg__435: 
reg__374: 
logic__99: 
reg__51: 
reg__384: 
reg__164: 
reg__499: 
reg__412: 
reg__102: 
logic__215: 
reg__371: 
reg__48: 
reg__300: 
reg__6: 
reg__336: 
logic__223: 
reg__428: 
reg__548: 
case__30: 
reg__537: 
logic__260: 
reg__20: 
logic__252: 
reg__95: 
logic__226: 
reg__527: 
reg__62: 
reg__494: 
logic__184: 
reg__501: 
reg__423: 
reg__99: 
reg__26: 
reg__481: 
logic__379: 
reg__410: 
muxpart__20: 
reg__259: 
logic__179: 
reg__254: 
case__127: 
reg__368: 
reg__49: 
reg__29: 
rd_chnl: 
logic__388: 
reg__74: 
reg__430: 
reg__405: 
reg__171: 
reg__521: 
case__121: 
muxpart: 
logic__242: 
reg__183: 
reg__387: 
reg__163: 
reg__110: 
case__35: 
reg__275: 
reg__8: 
reg__358: 
logic__187: 
signinv: 
reg__556: 
reg__59: 
case__72: 
reg__366: 
reg__179: 
reg__240: 
reg__532: 
logic__261: 
reg__111: 
reg__373: 
reg__115: 
reg__328: 
reg__515: 
reg__438: 
reg__279: 
logic__75: 
reg__459: 
reg__18: 
logic__69: 
reg__495: 
reg__256: 
reg__159: 
logic__142: 
reg__41: 
reg__215: 
reg__510: 
reg__195: 
reg__72: 
reg__539: 
reg__448: 
logic__219: 
case__34: 
reg__137: 
reg__551: 
reg__73: 
reg__211: 
reg__107: 
reg__130: 
reg__175: 
reg__415: 
reg__145: 
logic__133: 
reg__246: 
reg__285: 
logic__190: 
logic__4: 
logic__155: 
reg__479: 
reg__248: 
reg__456: 
reg__70: 
reg__83: 
case: 
case__18: 
logic__209: 
reg__451: 
reg__334: 
reg__432: 
reg__198: 
wr_chnl: 
reg__291: 
case__144: 
reg__466: 
reg__326: 
reg__268: 
reg__344: 
reg__123: 
reg__324: 
reg__63: 
logic__188: 
reg__502: 
reg__296: 
reg__542: 
case__80: 
reg__116: 
reg__295: 
reg__202: 
reg__549: 
reg__97: 
reg__555: 
case__139: 
reg__91: 
reg__160: 
reg__23: 
reg__78: 
reg__281: 
SRL_FIFO: 
logic__150: 
case__147: 
reg__315: 
reg__35: 
reg__156: 
reg__503: 
reg__138: 
reg__546: 
reg__516: 
case__67: 
reg__252: 
case__24: 
logic__400: 
reg__413: 
reg__98: 
reg__486: 
reg__221: 
reg__150: 
logic__137: 
reg__492: 
reg__134: 
reg__231: 
reg__376: 
reg__277: 
reg__528: 
logic__19: 
reg__234: 
reg__65: 
reg__443: 
reg__34: 
reg__404: 
reg__558: 
reg__395: 
logic__58: 
reg__347: 
reg__377: 
case__55: 
logic__22: 
logic__175: 
reg__287: 
reg__390: 
reg__13: 
reg__100: 
logic__1: 
case__129: 
reg__511: 
reg__472: 
case__61: 
reg__524: 
logic__8: 
addsub: 
reg__290: 
reg__270: 
case__126: 
reg__126: 
reg__518: 
reg__216: 
logic__233: 
case__111: 
reg__543: 
reg__342: 
reg__16: 
reg__47: 
reg__212: 
case__140: 
reg__330: 
axi_bram_ctrl_top: 
reg__223: 
reg__286: 
reg__25: 
reg__186: 
reg__431: 
reg__19: 
reg__565: 
reg__530: 
reg__207: 
reg__419: 
reg__319: 
reg__238: 
case__124: 
reg__293: 
reg__80: 
reg__10: 
reg__311: 
case__74: 
reg__172: 
case__132: 
reg__355: 
reg__67: 
reg__327: 
reg__396: 
reg__45: 
reg__230: 
reg__522: 
reg__42: 
reg__545: 
reg__307: 
logic__84: 
reg__81: 
case__36: 
reg__261: 
reg__288: 
logic__383: 
reg__538: 
reg__409: 
logic__249: 
reg__391: 
case__38: 
case__51: 
reg__84: 
reg__251: 
case__64: 
reg__53: 
reg__470: 
reg__112: 
reg__464: 
reg__364: 
reg__365: 
reg__96: 
reg__489: 
logic__89: 
reg__206: 
reg__271: 
reg__103: 
reg__31: 
case__71: 
reg__127: 
reg__361: 
reg__258: 
reg__483: 
logic__85: 
logic__257: 
reg__167: 
reg__468: 
reg__82: 
logic__386: 
case__29: 
reg__416: 
reg__180: 
reg__61: 
case__128: 
case__75: 
case__22: 
reg__108: 
reg__36: 
reg__400: 
reg__217: 
reg__506: 
reg__461: 
logic__243: 
reg__453: 
reg__222: 
case__2: 
reg__314: 
reg__512: 
reg__552: 
reg__332: 
reg__305: 
reg__382: 
reg__450: 
case__131: 
case__37: 
reg__370: 
reg__28: 
logic__138: 
reg__480: 
reg__454: 
reg__190: 
reg__407: 
reg__325: 
case__50: 
reg__203: 
logic__126: 
reg__58: 
reg__3: 
reg__213: 
case__69: 
case__23: 
reg__505: 
reg__564: 
reg__519: 
reg__354: 
reg__68: 
case__130: 
full_axi: 
case__66: 
reg__208: 
reg__513: 
reg__161: 
reg__109: 
reg__22: 
logic__15: 
reg__184: 
reg__406: 
logic__194: 
reg__131: 
reg__449: 
reg__146: 
reg__363: 
logic__62: 
reg__276: 
case__123: 
reg__17: 
reg__117: 
design_1_axi_bram_ctrl_0_11: 
reg__139: 
reg__467: 
reg__92: 
reg__39: 
reg__241: 
logic__240: 
case__114: 
case__150: 
reg__485: 
reg__447: 
reg__197: 
reg__64: 
reg__243: 
case__143: 
reg__69: 
reg__52: 
reg__335: 
reg__192: 
logic__227: 
reg__289: 
case__25: 
reg__493: 
reg__544: 
reg__57: 
reg__533: 
reg__343: 
reg__297: 
logic__88: 
reg__569: 
reg__445: 
reg__554: 
reg__317: 
reg__401: 
reg__550: 
reg__482: 
case__65: 
reg__498: 
case__63: 
case__39: 
reg__199: 
reg__474: 
case__115: 
reg__338: 
reg__269: 
logic__50: 
reg__157: 
reg__541: 
reg__318: 
reg__446: 
reg__253: 
logic__212: 
reg__89: 
logic__153: 
reg__168: 
reg__153: 
case__77: 
reg__399: 
reg__30: 
reg__476: 
logic__378: 
reg__124: 
reg__562: 
reg__104: 
reg__436: 
case__52: 
reg__239: 
logic__353: 
reg__226: 
reg__173: 
