/inst/s00_entry_pipeline/s00_transaction_regulator/inst/sc_transaction_regulator_v1_0_8_top__GC0:2739070227
/inst/s00_entry_pipeline/s00_transaction_regulator/inst/gen_endpoint.gen_w_multithread.w_multithread/cmd_reg:4259016689
/inst/s00_entry_pipeline/s00_si_converter/inst/gen_normal.splitter_inst/sc_si_converter_v1_0_9_splitter__GC0:29189533
/inst/s00_entry_pipeline/s00_mmu/inst/aw_sreg:4259016689
/inst/m02_exit_pipeline/m02_exit/inst/b_reg:4259016689
/inst/s00_entry_pipeline/s00_transaction_regulator/inst/gen_endpoint.gen_w_multithread.w_multithread/sc_transaction_regulator_v1_0_8_multithread__GC0:969383010
/inst/m02_exit_pipeline/m02_exit/inst/aw_reg:4259016689
/inst/s00_entry_pipeline/s00_si_converter/inst/gen_normal.splitter_inst/b_reg:4259016689
/inst/s00_entry_pipeline/s00_mmu/inst/ar_reg_stall:4259016689
/inst/bd_6f02__GCB2:1752201079
/inst/s00_entry_pipeline/s00_si_converter/inst/converter.wrap_narrow_inst/ar_reg_slice:4259016689
/inst/s00_entry_pipeline/s00_mmu/inst/sc_mmu_v1_0_8_top__GC0:3206132247
/inst/s00_entry_pipeline/s00_si_converter/inst/gen_normal.splitter_inst/ar_cmd_reg:4259016689
/inst/s00_entry_pipeline/s00_mmu/inst/r_sreg:4259016689
/inst/m02_exit_pipeline/m02_exit/inst/ar_reg:4259016689
/inst/bd_6f02__GCB0:2256410203
/inst/m02_exit_pipeline/m02_exit/inst/r_reg:4259016689
/inst/m00_exit_pipeline/m00_exit/inst/aw_reg:4259016689
/inst/s00_entry_pipeline/s00_mmu/inst/ar_sreg:4259016689
/inst/s00_entry_pipeline/s00_si_converter/inst/converter.wrap_narrow_inst/aw_reg_slice:4259016689
/inst/s00_entry_pipeline/s00_mmu/inst/b_sreg:4259016689
/inst/m02_exit_pipeline/m02_exit/inst/sc_exit_v1_0_9_top__parameterized0__GC0:3192600476
/inst/m00_exit_pipeline/m00_exit/inst/b_reg:4259016689
/inst/m00_exit_pipeline/m00_exit/inst/w_reg:4259016689
/inst/bd_6f02__GCB1:4051248845
/inst/s00_entry_pipeline/s00_si_converter/inst/gen_normal.splitter_inst/aw_cmd_reg:4259016689
/inst/s00_entry_pipeline/s00_mmu/inst/w_sreg:4259016689
/inst/m00_exit_pipeline/m00_exit/inst/ar_reg:4259016689
/inst/m00_exit_pipeline/m00_exit/inst/r_reg:4259016689
/inst/s00_entry_pipeline/s00_si_converter/inst/sc_si_converter_v1_0_9_top__GC0:1649635383
/inst/s00_entry_pipeline/s00_si_converter/inst/converter.wrap_narrow_inst/sc_si_converter_v1_0_9_wrap_narrow__GC0:4084809566
/inst/m02_exit_pipeline/m02_exit/inst/w_reg:4259016689
/inst/m00_exit_pipeline/m00_exit/inst/sc_exit_v1_0_9_top__GC0:3033753353
/inst/s00_entry_pipeline/s00_mmu/inst/aw_reg_stall:4259016689
