Copyright 1986-2019 Xilinx, Inc. All Rights Reserved.
--------------------------------------------------------------------------------------------------------------------------------------------------
| Tool Version : Vivado v.2019.2 (lin64) Build 2708876 Wed Nov  6 21:39:14 MST 2019
| Date         : Sat Sep 12 23:12:59 2020
| Host         : rsaradhy-acer running 64-bit Ubuntu 18.04.5 LTS
| Command      : report_methodology -file main_methodology_drc_routed.rpt -pb main_methodology_drc_routed.pb -rpx main_methodology_drc_routed.rpx
| Design       : main
| Device       : xczu2cg-sfvc784-1-e
| Speed File   : -1
| Design State : Fully Routed
--------------------------------------------------------------------------------------------------------------------------------------------------

Report Methodology

Table of Contents
-----------------
1. REPORT SUMMARY
2. REPORT DETAILS

1. REPORT SUMMARY
-----------------
            Netlist: netlist
          Floorplan: design_1
      Design limits: <entire design considered>
             Max violations: <unlimited>
             Violations found: 129
+-----------+----------+-------------------------------+------------+
| Rule      | Severity | Description                   | Violations |
+-----------+----------+-------------------------------+------------+
| TIMING-16 | Warning  | Large setup violation         | 125        |
| TIMING-18 | Warning  | Missing input or output delay | 4          |
+-----------+----------+-------------------------------+------------+

2. REPORT DETAILS
-----------------
TIMING-16#1 Warning
Large setup violation  
There is a large setup violation of -1.016 ns between DDMTD_Array_inst/ddmtd_inst[0].DDMTD_i/data_in_fifo_reg/C (clocked by clk_out1_clock_pll) and DDMTD_Array_inst/ddmtd_inst[1].DDMTD_i/FIFO_10_inst/U0/inst_fifo_gen/gconvfifo.rf/gbi.bi/v8_fifo.fblk/rst_val_sym.gextw_sym[5].inst_extd/gmult_prim.gll_chain.gp1[0].gbldc_reg.inst_prim/gf36e2_inst.sngfifo36e2/RDEN (clocked by clk_out2_clock_pll). Large setup violations at the end of those stages might be difficult to fix during the post-placement implementation flow and could be the result of non-optimal XDC constraints or non-optimal design architecture
Related violations: <none>

TIMING-16#2 Warning
Large setup violation  
There is a large setup violation of -1.034 ns between enable_sampling_logic_reg_replica/C (clocked by clk_out1_clock_pll) and DDMTD_Array_inst/ddmtd_inst[0].DDMTD_i/FIFO_10_inst/U0/inst_fifo_gen/gconvfifo.rf/gbi.bi/v8_fifo.fblk/rst_val_sym.gextw_sym[1].inst_extd/gmult_prim.gll_chain.gp1[2].gbldc_reg.inst_prim/gf36e2_inst.sngfifo36e2/RDEN (clocked by clk_out2_clock_pll). Large setup violations at the end of those stages might be difficult to fix during the post-placement implementation flow and could be the result of non-optimal XDC constraints or non-optimal design architecture
Related violations: <none>

TIMING-16#3 Warning
Large setup violation  
There is a large setup violation of -1.036 ns between DDMTD_Array_inst/ddmtd_inst[0].DDMTD_i/data_in_fifo_reg/C (clocked by clk_out1_clock_pll) and DDMTD_Array_inst/ddmtd_inst[1].DDMTD_i/FIFO_10_inst/U0/inst_fifo_gen/gconvfifo.rf/gbi.bi/v8_fifo.fblk/rst_val_sym.gextw_sym[6].inst_extd/gmult_prim.gll_chain.gp1[3].gbldc_reg.inst_prim/gf36e2_inst.sngfifo36e2/RDEN (clocked by clk_out2_clock_pll). Large setup violations at the end of those stages might be difficult to fix during the post-placement implementation flow and could be the result of non-optimal XDC constraints or non-optimal design architecture
Related violations: <none>

TIMING-16#4 Warning
Large setup violation  
There is a large setup violation of -1.043 ns between DDMTD_Array_inst/ddmtd_inst[0].DDMTD_i/data_in_fifo_reg/C (clocked by clk_out1_clock_pll) and DDMTD_Array_inst/ddmtd_inst[1].DDMTD_i/FIFO_10_inst/U0/inst_fifo_gen/gconvfifo.rf/gbi.bi/v8_fifo.fblk/rst_val_sym.gextw_sym[1].inst_extd/gmult_prim.gll_chain.gp1[3].gbldc_reg.inst_prim/gf36e2_inst.sngfifo36e2/RDEN (clocked by clk_out2_clock_pll). Large setup violations at the end of those stages might be difficult to fix during the post-placement implementation flow and could be the result of non-optimal XDC constraints or non-optimal design architecture
Related violations: <none>

TIMING-16#5 Warning
Large setup violation  
There is a large setup violation of -1.055 ns between DDMTD_Array_inst/ddmtd_inst[0].DDMTD_i/data_in_fifo_reg/C (clocked by clk_out1_clock_pll) and DDMTD_Array_inst/ddmtd_inst[1].DDMTD_i/FIFO_10_inst/U0/inst_fifo_gen/gconvfifo.rf/gbi.bi/v8_fifo.fblk/rst_val_sym.gextw_sym[1].inst_extd/gmult_prim.gll_chain.gp1[2].gbldc_reg.inst_prim/gf36e2_inst.sngfifo36e2/RDEN (clocked by clk_out2_clock_pll). Large setup violations at the end of those stages might be difficult to fix during the post-placement implementation flow and could be the result of non-optimal XDC constraints or non-optimal design architecture
Related violations: <none>

TIMING-16#6 Warning
Large setup violation  
There is a large setup violation of -1.068 ns between DDMTD_Array_inst/ddmtd_inst[0].DDMTD_i/data_in_fifo_reg/C (clocked by clk_out1_clock_pll) and DDMTD_Array_inst/ddmtd_inst[1].DDMTD_i/FIFO_10_inst/U0/inst_fifo_gen/gconvfifo.rf/gbi.bi/v8_fifo.fblk/rst_val_sym.gextw_sym[5].inst_extd/gmult_prim.gll_chain.gp1[7].gbldc_reg.inst_prim/gf36e2_inst.sngfifo36e2/RDEN (clocked by clk_out2_clock_pll). Large setup violations at the end of those stages might be difficult to fix during the post-placement implementation flow and could be the result of non-optimal XDC constraints or non-optimal design architecture
Related violations: <none>

TIMING-16#7 Warning
Large setup violation  
There is a large setup violation of -1.069 ns between enable_sampling_logic_reg_replica/C (clocked by clk_out1_clock_pll) and DDMTD_Array_inst/ddmtd_inst[0].DDMTD_i/FIFO_10_inst/U0/inst_fifo_gen/gconvfifo.rf/gbi.bi/v8_fifo.fblk/rst_val_sym.gextw_sym[6].inst_extd/gmult_prim.gll_chain.gp1[3].gbldc_reg.inst_prim/gf36e2_inst.sngfifo36e2/RDEN (clocked by clk_out2_clock_pll). Large setup violations at the end of those stages might be difficult to fix during the post-placement implementation flow and could be the result of non-optimal XDC constraints or non-optimal design architecture
Related violations: <none>

TIMING-16#8 Warning
Large setup violation  
There is a large setup violation of -1.082 ns between DDMTD_Array_inst/ddmtd_inst[0].DDMTD_i/data_in_fifo_reg/C (clocked by clk_out1_clock_pll) and DDMTD_Array_inst/ddmtd_inst[1].DDMTD_i/FIFO_10_inst/U0/inst_fifo_gen/gconvfifo.rf/gbi.bi/v8_fifo.fblk/rst_val_sym.gextw_sym[5].inst_extd/gmult_prim.gll_chain.gp1[3].gbldc_reg.inst_prim/gf36e2_inst.sngfifo36e2/RDEN (clocked by clk_out2_clock_pll). Large setup violations at the end of those stages might be difficult to fix during the post-placement implementation flow and could be the result of non-optimal XDC constraints or non-optimal design architecture
Related violations: <none>

TIMING-16#9 Warning
Large setup violation  
There is a large setup violation of -1.085 ns between DDMTD_Array_inst/ddmtd_inst[0].DDMTD_i/data_in_fifo_reg/C (clocked by clk_out1_clock_pll) and DDMTD_Array_inst/ddmtd_inst[1].DDMTD_i/FIFO_10_inst/U0/inst_fifo_gen/gconvfifo.rf/gbi.bi/v8_fifo.fblk/rst_val_sym.gextw_sym[1].inst_extd/gmult_prim.gll_chain.gp1[5].gbldc_reg.inst_prim/gf36e2_inst.sngfifo36e2/RDEN (clocked by clk_out2_clock_pll). Large setup violations at the end of those stages might be difficult to fix during the post-placement implementation flow and could be the result of non-optimal XDC constraints or non-optimal design architecture
Related violations: <none>

TIMING-16#10 Warning
Large setup violation  
There is a large setup violation of -1.095 ns between DDMTD_Array_inst/ddmtd_inst[0].DDMTD_i/data_in_fifo_reg/C (clocked by clk_out1_clock_pll) and DDMTD_Array_inst/ddmtd_inst[1].DDMTD_i/FIFO_10_inst/U0/inst_fifo_gen/gconvfifo.rf/gbi.bi/v8_fifo.fblk/rst_val_sym.gextw_sym[1].inst_extd/gmult_prim.gll_chain.gp1[6].gbldc_reg.inst_prim/gf36e2_inst.sngfifo36e2/RDEN (clocked by clk_out2_clock_pll). Large setup violations at the end of those stages might be difficult to fix during the post-placement implementation flow and could be the result of non-optimal XDC constraints or non-optimal design architecture
Related violations: <none>

TIMING-16#11 Warning
Large setup violation  
There is a large setup violation of -1.096 ns between DDMTD_Array_inst/ddmtd_inst[0].DDMTD_i/data_in_fifo_reg/C (clocked by clk_out1_clock_pll) and DDMTD_Array_inst/ddmtd_inst[1].DDMTD_i/FIFO_10_inst/U0/inst_fifo_gen/gconvfifo.rf/gbi.bi/v8_fifo.fblk/rst_val_sym.gextw_sym[3].inst_extd/gmult_prim.gll_chain.gp1[6].gbldc_reg.inst_prim/gf36e2_inst.sngfifo36e2/RDEN (clocked by clk_out2_clock_pll). Large setup violations at the end of those stages might be difficult to fix during the post-placement implementation flow and could be the result of non-optimal XDC constraints or non-optimal design architecture
Related violations: <none>

TIMING-16#12 Warning
Large setup violation  
There is a large setup violation of -1.098 ns between DDMTD_Array_inst/ddmtd_inst[0].DDMTD_i/data_in_fifo_reg/C (clocked by clk_out1_clock_pll) and DDMTD_Array_inst/ddmtd_inst[1].DDMTD_i/FIFO_10_inst/U0/inst_fifo_gen/gconvfifo.rf/gbi.bi/v8_fifo.fblk/rst_val_sym.gextw_sym[3].inst_extd/gmult_prim.gll_chain.gp1[2].gbldc_reg.inst_prim/gf36e2_inst.sngfifo36e2/RDEN (clocked by clk_out2_clock_pll). Large setup violations at the end of those stages might be difficult to fix during the post-placement implementation flow and could be the result of non-optimal XDC constraints or non-optimal design architecture
Related violations: <none>

TIMING-16#13 Warning
Large setup violation  
There is a large setup violation of -1.111 ns between DDMTD_Array_inst/ddmtd_inst[0].DDMTD_i/data_in_fifo_reg/C (clocked by clk_out1_clock_pll) and DDMTD_Array_inst/ddmtd_inst[1].DDMTD_i/FIFO_10_inst/U0/inst_fifo_gen/gconvfifo.rf/gbi.bi/v8_fifo.fblk/rst_val_sym.gextw_sym[3].inst_extd/gmult_prim.gll_chain.gp1[0].gbldc_reg.inst_prim/gf36e2_inst.sngfifo36e2/RDEN (clocked by clk_out2_clock_pll). Large setup violations at the end of those stages might be difficult to fix during the post-placement implementation flow and could be the result of non-optimal XDC constraints or non-optimal design architecture
Related violations: <none>

TIMING-16#14 Warning
Large setup violation  
There is a large setup violation of -1.111 ns between enable_sampling_logic_reg_replica/C (clocked by clk_out1_clock_pll) and DDMTD_Array_inst/ddmtd_inst[0].DDMTD_i/FIFO_10_inst/U0/inst_fifo_gen/gconvfifo.rf/gbi.bi/v8_fifo.fblk/rst_val_sym.gextw_sym[4].inst_extd/gmult_prim.gll_chain.gp1[6].gbldc_reg.inst_prim/gf36e2_inst.sngfifo36e2/RDEN (clocked by clk_out2_clock_pll). Large setup violations at the end of those stages might be difficult to fix during the post-placement implementation flow and could be the result of non-optimal XDC constraints or non-optimal design architecture
Related violations: <none>

TIMING-16#15 Warning
Large setup violation  
There is a large setup violation of -1.118 ns between DDMTD_Array_inst/ddmtd_inst[0].DDMTD_i/data_in_fifo_reg/C (clocked by clk_out1_clock_pll) and DDMTD_Array_inst/ddmtd_inst[1].DDMTD_i/FIFO_10_inst/U0/inst_fifo_gen/gconvfifo.rf/gbi.bi/v8_fifo.fblk/rst_val_sym.gextw_sym[1].inst_extd/gmult_prim.gll_chain.gp1[4].gbldc_reg.inst_prim/gf36e2_inst.sngfifo36e2/RDEN (clocked by clk_out2_clock_pll). Large setup violations at the end of those stages might be difficult to fix during the post-placement implementation flow and could be the result of non-optimal XDC constraints or non-optimal design architecture
Related violations: <none>

TIMING-16#16 Warning
Large setup violation  
There is a large setup violation of -1.127 ns between DDMTD_Array_inst/ddmtd_inst[0].DDMTD_i/data_in_fifo_reg/C (clocked by clk_out1_clock_pll) and DDMTD_Array_inst/ddmtd_inst[1].DDMTD_i/FIFO_10_inst/U0/inst_fifo_gen/gconvfifo.rf/gbi.bi/v8_fifo.fblk/rst_val_sym.gextw_sym[5].inst_extd/gmult_prim.gll_chain.gp1[2].gbldc_reg.inst_prim/gf36e2_inst.sngfifo36e2/RDEN (clocked by clk_out2_clock_pll). Large setup violations at the end of those stages might be difficult to fix during the post-placement implementation flow and could be the result of non-optimal XDC constraints or non-optimal design architecture
Related violations: <none>

TIMING-16#17 Warning
Large setup violation  
There is a large setup violation of -1.127 ns between enable_sampling_logic_reg_replica/C (clocked by clk_out1_clock_pll) and DDMTD_Array_inst/ddmtd_inst[0].DDMTD_i/FIFO_10_inst/U0/inst_fifo_gen/gconvfifo.rf/gbi.bi/v8_fifo.fblk/rst_val_sym.gextw_sym[2].inst_extd/gmult_prim.gll_chain.gp1[1].gbldc_reg.inst_prim/gf36e2_inst.sngfifo36e2/RDEN (clocked by clk_out2_clock_pll). Large setup violations at the end of those stages might be difficult to fix during the post-placement implementation flow and could be the result of non-optimal XDC constraints or non-optimal design architecture
Related violations: <none>

TIMING-16#18 Warning
Large setup violation  
There is a large setup violation of -1.131 ns between enable_sampling_logic_reg_replica/C (clocked by clk_out1_clock_pll) and DDMTD_Array_inst/ddmtd_inst[0].DDMTD_i/FIFO_10_inst/U0/inst_fifo_gen/gconvfifo.rf/gbi.bi/v8_fifo.fblk/rst_val_sym.gextw_sym[6].inst_extd/gmult_prim.gll_chain.gp1[1].gbldc_reg.inst_prim/gf36e2_inst.sngfifo36e2/RDEN (clocked by clk_out2_clock_pll). Large setup violations at the end of those stages might be difficult to fix during the post-placement implementation flow and could be the result of non-optimal XDC constraints or non-optimal design architecture
Related violations: <none>

TIMING-16#19 Warning
Large setup violation  
There is a large setup violation of -1.141 ns between DDMTD_Array_inst/ddmtd_inst[0].DDMTD_i/data_in_fifo_reg/C (clocked by clk_out1_clock_pll) and DDMTD_Array_inst/ddmtd_inst[1].DDMTD_i/FIFO_10_inst/U0/inst_fifo_gen/gconvfifo.rf/gbi.bi/v8_fifo.fblk/rst_val_sym.gextw_sym[1].inst_extd/gmult_prim.gll_chain.gp1[7].gbldc_reg.inst_prim/gf36e2_inst.sngfifo36e2/RDEN (clocked by clk_out2_clock_pll). Large setup violations at the end of those stages might be difficult to fix during the post-placement implementation flow and could be the result of non-optimal XDC constraints or non-optimal design architecture
Related violations: <none>

TIMING-16#20 Warning
Large setup violation  
There is a large setup violation of -1.142 ns between enable_sampling_logic_reg_replica/C (clocked by clk_out1_clock_pll) and DDMTD_Array_inst/ddmtd_inst[0].DDMTD_i/FIFO_10_inst/U0/inst_fifo_gen/gconvfifo.rf/gbi.bi/v8_fifo.fblk/rst_val_sym.gextw_sym[7].inst_extd/gmult_prim.gll_chain.gp1[2].gbldc_reg.inst_prim/gf36e2_inst.sngfifo36e2/RDEN (clocked by clk_out2_clock_pll). Large setup violations at the end of those stages might be difficult to fix during the post-placement implementation flow and could be the result of non-optimal XDC constraints or non-optimal design architecture
Related violations: <none>

TIMING-16#21 Warning
Large setup violation  
There is a large setup violation of -1.146 ns between DDMTD_Array_inst/ddmtd_inst[0].DDMTD_i/data_in_fifo_reg/C (clocked by clk_out1_clock_pll) and DDMTD_Array_inst/ddmtd_inst[1].DDMTD_i/FIFO_10_inst/U0/inst_fifo_gen/gconvfifo.rf/gbi.bi/v8_fifo.fblk/rst_val_sym.gextw_sym[5].inst_extd/gmult_prim.gll_chain.gp1[6].gbldc_reg.inst_prim/gf36e2_inst.sngfifo36e2/RDEN (clocked by clk_out2_clock_pll). Large setup violations at the end of those stages might be difficult to fix during the post-placement implementation flow and could be the result of non-optimal XDC constraints or non-optimal design architecture
Related violations: <none>

TIMING-16#22 Warning
Large setup violation  
There is a large setup violation of -1.148 ns between DDMTD_Array_inst/ddmtd_inst[0].DDMTD_i/data_in_fifo_reg/C (clocked by clk_out1_clock_pll) and DDMTD_Array_inst/ddmtd_inst[1].DDMTD_i/FIFO_10_inst/U0/inst_fifo_gen/gconvfifo.rf/gbi.bi/v8_fifo.fblk/rst_val_sym.gextw_sym[2].inst_extd/gmult_prim.gll_chain.gp1[7].gbldc_reg.inst_prim/gf36e2_inst.sngfifo36e2/RDEN (clocked by clk_out2_clock_pll). Large setup violations at the end of those stages might be difficult to fix during the post-placement implementation flow and could be the result of non-optimal XDC constraints or non-optimal design architecture
Related violations: <none>

TIMING-16#23 Warning
Large setup violation  
There is a large setup violation of -1.160 ns between enable_sampling_logic_reg_replica/C (clocked by clk_out1_clock_pll) and DDMTD_Array_inst/ddmtd_inst[0].DDMTD_i/FIFO_10_inst/U0/inst_fifo_gen/gconvfifo.rf/gbi.bi/v8_fifo.fblk/rst_val_sym.gextw_sym[2].inst_extd/gmult_prim.gll_chain.gp1[3].gbldc_reg.inst_prim/gf36e2_inst.sngfifo36e2/RDEN (clocked by clk_out2_clock_pll). Large setup violations at the end of those stages might be difficult to fix during the post-placement implementation flow and could be the result of non-optimal XDC constraints or non-optimal design architecture
Related violations: <none>

TIMING-16#24 Warning
Large setup violation  
There is a large setup violation of -1.164 ns between DDMTD_Array_inst/ddmtd_inst[0].DDMTD_i/data_in_fifo_reg/C (clocked by clk_out1_clock_pll) and DDMTD_Array_inst/ddmtd_inst[1].DDMTD_i/FIFO_10_inst/U0/inst_fifo_gen/gconvfifo.rf/gbi.bi/v8_fifo.fblk/rst_val_sym.gextw_sym[3].inst_extd/gmult_prim.gll_chain.gp1[1].gbldc_reg.inst_prim/gf36e2_inst.sngfifo36e2/RDEN (clocked by clk_out2_clock_pll). Large setup violations at the end of those stages might be difficult to fix during the post-placement implementation flow and could be the result of non-optimal XDC constraints or non-optimal design architecture
Related violations: <none>

TIMING-16#25 Warning
Large setup violation  
There is a large setup violation of -1.169 ns between DDMTD_Array_inst/ddmtd_inst[0].DDMTD_i/data_in_fifo_reg/C (clocked by clk_out1_clock_pll) and DDMTD_Array_inst/ddmtd_inst[1].DDMTD_i/FIFO_10_inst/U0/inst_fifo_gen/gconvfifo.rf/gbi.bi/v8_fifo.fblk/rst_val_sym.gextw_sym[8].inst_extd/gmult_prim.gll_chain.gp1[6].gbldc_reg.inst_prim/gf36e2_inst.sngfifo36e2/RDEN (clocked by clk_out2_clock_pll). Large setup violations at the end of those stages might be difficult to fix during the post-placement implementation flow and could be the result of non-optimal XDC constraints or non-optimal design architecture
Related violations: <none>

TIMING-16#26 Warning
Large setup violation  
There is a large setup violation of -1.178 ns between DDMTD_Array_inst/ddmtd_inst[0].DDMTD_i/data_in_fifo_reg/C (clocked by clk_out1_clock_pll) and DDMTD_Array_inst/ddmtd_inst[1].DDMTD_i/FIFO_10_inst/U0/inst_fifo_gen/gconvfifo.rf/gbi.bi/v8_fifo.fblk/rst_val_sym.gextw_sym[2].inst_extd/gmult_prim.gll_chain.gp1[2].gbldc_reg.inst_prim/gf36e2_inst.sngfifo36e2/RDEN (clocked by clk_out2_clock_pll). Large setup violations at the end of those stages might be difficult to fix during the post-placement implementation flow and could be the result of non-optimal XDC constraints or non-optimal design architecture
Related violations: <none>

TIMING-16#27 Warning
Large setup violation  
There is a large setup violation of -1.178 ns between DDMTD_Array_inst/ddmtd_inst[0].DDMTD_i/data_in_fifo_reg/C (clocked by clk_out1_clock_pll) and DDMTD_Array_inst/ddmtd_inst[1].DDMTD_i/FIFO_10_inst/U0/inst_fifo_gen/gconvfifo.rf/gbi.bi/v8_fifo.fblk/rst_val_sym.gextw_sym[5].inst_extd/gmult_prim.gll_chain.gp1[4].gbldc_reg.inst_prim/gf36e2_inst.sngfifo36e2/RDEN (clocked by clk_out2_clock_pll). Large setup violations at the end of those stages might be difficult to fix during the post-placement implementation flow and could be the result of non-optimal XDC constraints or non-optimal design architecture
Related violations: <none>

TIMING-16#28 Warning
Large setup violation  
There is a large setup violation of -1.185 ns between DDMTD_Array_inst/ddmtd_inst[0].DDMTD_i/data_in_fifo_reg/C (clocked by clk_out1_clock_pll) and DDMTD_Array_inst/ddmtd_inst[1].DDMTD_i/FIFO_10_inst/U0/inst_fifo_gen/gconvfifo.rf/gbi.bi/v8_fifo.fblk/rst_val_sym.gextw_sym[7].inst_extd/gmult_prim.gll_chain.gp1[4].gbldc_reg.inst_prim/gf36e2_inst.sngfifo36e2/RDEN (clocked by clk_out2_clock_pll). Large setup violations at the end of those stages might be difficult to fix during the post-placement implementation flow and could be the result of non-optimal XDC constraints or non-optimal design architecture
Related violations: <none>

TIMING-16#29 Warning
Large setup violation  
There is a large setup violation of -1.187 ns between DDMTD_Array_inst/ddmtd_inst[0].DDMTD_i/data_in_fifo_reg/C (clocked by clk_out1_clock_pll) and DDMTD_Array_inst/ddmtd_inst[1].DDMTD_i/FIFO_10_inst/U0/inst_fifo_gen/gconvfifo.rf/gbi.bi/v8_fifo.fblk/rst_val_sym.gextw_sym[3].inst_extd/gmult_prim.gll_chain.gp1[5].gbldc_reg.inst_prim/gf36e2_inst.sngfifo36e2/RDEN (clocked by clk_out2_clock_pll). Large setup violations at the end of those stages might be difficult to fix during the post-placement implementation flow and could be the result of non-optimal XDC constraints or non-optimal design architecture
Related violations: <none>

TIMING-16#30 Warning
Large setup violation  
There is a large setup violation of -1.191 ns between DDMTD_Array_inst/ddmtd_inst[0].DDMTD_i/data_in_fifo_reg/C (clocked by clk_out1_clock_pll) and DDMTD_Array_inst/ddmtd_inst[1].DDMTD_i/FIFO_10_inst/U0/inst_fifo_gen/gconvfifo.rf/gbi.bi/v8_fifo.fblk/rst_val_sym.gextw_sym[2].inst_extd/gmult_prim.gll_chain.gp1[0].gbldc_reg.inst_prim/gf36e2_inst.sngfifo36e2/RDEN (clocked by clk_out2_clock_pll). Large setup violations at the end of those stages might be difficult to fix during the post-placement implementation flow and could be the result of non-optimal XDC constraints or non-optimal design architecture
Related violations: <none>

TIMING-16#31 Warning
Large setup violation  
There is a large setup violation of -1.192 ns between enable_sampling_logic_reg_replica/C (clocked by clk_out1_clock_pll) and DDMTD_Array_inst/ddmtd_inst[0].DDMTD_i/FIFO_10_inst/U0/inst_fifo_gen/gconvfifo.rf/gbi.bi/v8_fifo.fblk/rst_val_sym.gextw_sym[1].inst_extd/gmult_prim.gll_chain.gp1[3].gbldc_reg.inst_prim/gf36e2_inst.sngfifo36e2/RDEN (clocked by clk_out2_clock_pll). Large setup violations at the end of those stages might be difficult to fix during the post-placement implementation flow and could be the result of non-optimal XDC constraints or non-optimal design architecture
Related violations: <none>

TIMING-16#32 Warning
Large setup violation  
There is a large setup violation of -1.192 ns between enable_sampling_logic_reg_replica/C (clocked by clk_out1_clock_pll) and DDMTD_Array_inst/ddmtd_inst[0].DDMTD_i/FIFO_10_inst/U0/inst_fifo_gen/gconvfifo.rf/gbi.bi/v8_fifo.fblk/rst_val_sym.gextw_sym[3].inst_extd/gmult_prim.gll_chain.gp1[0].gbldc_reg.inst_prim/gf36e2_inst.sngfifo36e2/RDEN (clocked by clk_out2_clock_pll). Large setup violations at the end of those stages might be difficult to fix during the post-placement implementation flow and could be the result of non-optimal XDC constraints or non-optimal design architecture
Related violations: <none>

TIMING-16#33 Warning
Large setup violation  
There is a large setup violation of -1.198 ns between enable_sampling_logic_reg_replica/C (clocked by clk_out1_clock_pll) and DDMTD_Array_inst/ddmtd_inst[0].DDMTD_i/FIFO_10_inst/U0/inst_fifo_gen/gconvfifo.rf/gbi.bi/v8_fifo.fblk/rst_val_sym.gextw_sym[7].inst_extd/gmult_prim.gll_chain.gp1[0].gbldc_reg.inst_prim/gf36e2_inst.sngfifo36e2/RDEN (clocked by clk_out2_clock_pll). Large setup violations at the end of those stages might be difficult to fix during the post-placement implementation flow and could be the result of non-optimal XDC constraints or non-optimal design architecture
Related violations: <none>

TIMING-16#34 Warning
Large setup violation  
There is a large setup violation of -1.199 ns between enable_sampling_logic_reg_replica/C (clocked by clk_out1_clock_pll) and DDMTD_Array_inst/ddmtd_inst[0].DDMTD_i/FIFO_10_inst/U0/inst_fifo_gen/gconvfifo.rf/gbi.bi/v8_fifo.fblk/rst_val_sym.gextw_sym[1].inst_extd/gmult_prim.gll_chain.gp1[1].gbldc_reg.inst_prim/gf36e2_inst.sngfifo36e2/RDEN (clocked by clk_out2_clock_pll). Large setup violations at the end of those stages might be difficult to fix during the post-placement implementation flow and could be the result of non-optimal XDC constraints or non-optimal design architecture
Related violations: <none>

TIMING-16#35 Warning
Large setup violation  
There is a large setup violation of -1.201 ns between DDMTD_Array_inst/ddmtd_inst[0].DDMTD_i/data_in_fifo_reg/C (clocked by clk_out1_clock_pll) and DDMTD_Array_inst/ddmtd_inst[1].DDMTD_i/FIFO_10_inst/U0/inst_fifo_gen/gconvfifo.rf/gbi.bi/v8_fifo.fblk/rst_val_sym.gextw_sym[1].inst_extd/gmult_prim.gll_chain.gp1[0].gbldc_reg.inst_prim/gf36e2_inst.sngfifo36e2/RDEN (clocked by clk_out2_clock_pll). Large setup violations at the end of those stages might be difficult to fix during the post-placement implementation flow and could be the result of non-optimal XDC constraints or non-optimal design architecture
Related violations: <none>

TIMING-16#36 Warning
Large setup violation  
There is a large setup violation of -1.204 ns between DDMTD_Array_inst/ddmtd_inst[0].DDMTD_i/data_in_fifo_reg/C (clocked by clk_out1_clock_pll) and DDMTD_Array_inst/ddmtd_inst[1].DDMTD_i/FIFO_10_inst/U0/inst_fifo_gen/gconvfifo.rf/gbi.bi/v8_fifo.fblk/rst_val_sym.gextw_sym[3].inst_extd/gmult_prim.gll_chain.gp1[3].gbldc_reg.inst_prim/gf36e2_inst.sngfifo36e2/RDEN (clocked by clk_out2_clock_pll). Large setup violations at the end of those stages might be difficult to fix during the post-placement implementation flow and could be the result of non-optimal XDC constraints or non-optimal design architecture
Related violations: <none>

TIMING-16#37 Warning
Large setup violation  
There is a large setup violation of -1.205 ns between enable_sampling_logic_reg_replica/C (clocked by clk_out1_clock_pll) and DDMTD_Array_inst/ddmtd_inst[0].DDMTD_i/FIFO_10_inst/U0/inst_fifo_gen/gconvfifo.rf/gbi.bi/v8_fifo.fblk/rst_val_sym.gextw_sym[6].inst_extd/gmult_prim.gll_chain.gp1[2].gbldc_reg.inst_prim/gf36e2_inst.sngfifo36e2/RDEN (clocked by clk_out2_clock_pll). Large setup violations at the end of those stages might be difficult to fix during the post-placement implementation flow and could be the result of non-optimal XDC constraints or non-optimal design architecture
Related violations: <none>

TIMING-16#38 Warning
Large setup violation  
There is a large setup violation of -1.211 ns between DDMTD_Array_inst/ddmtd_inst[0].DDMTD_i/data_in_fifo_reg/C (clocked by clk_out1_clock_pll) and DDMTD_Array_inst/ddmtd_inst[1].DDMTD_i/FIFO_10_inst/U0/inst_fifo_gen/gconvfifo.rf/gbi.bi/v8_fifo.fblk/rst_val_sym.gextw_sym[5].inst_extd/gmult_prim.gll_chain.gp1[5].gbldc_reg.inst_prim/gf36e2_inst.sngfifo36e2/RDEN (clocked by clk_out2_clock_pll). Large setup violations at the end of those stages might be difficult to fix during the post-placement implementation flow and could be the result of non-optimal XDC constraints or non-optimal design architecture
Related violations: <none>

TIMING-16#39 Warning
Large setup violation  
There is a large setup violation of -1.223 ns between DDMTD_Array_inst/ddmtd_inst[0].DDMTD_i/data_in_fifo_reg/C (clocked by clk_out1_clock_pll) and DDMTD_Array_inst/ddmtd_inst[1].DDMTD_i/FIFO_10_inst/U0/inst_fifo_gen/gconvfifo.rf/gbi.bi/v8_fifo.fblk/rst_val_sym.gextw_sym[8].inst_extd/gmult_prim.gll_chain.gp1[1].gbldc_reg.inst_prim/gf36e2_inst.sngfifo36e2/RDEN (clocked by clk_out2_clock_pll). Large setup violations at the end of those stages might be difficult to fix during the post-placement implementation flow and could be the result of non-optimal XDC constraints or non-optimal design architecture
Related violations: <none>

TIMING-16#40 Warning
Large setup violation  
There is a large setup violation of -1.225 ns between DDMTD_Array_inst/ddmtd_inst[0].DDMTD_i/FIFO_10_inst/U0/inst_fifo_gen/gconvfifo.rf/gbi.bi/v8_fifo.fblk/rst_val_sym.gextw_sym[8].inst_extd/gmult_prim.gll_chain.gp1[7].gbldc_reg.inst_prim/gf36e2_inst.sngfifo36e2/RDCLK (clocked by clk_out2_clock_pll) and DDMTD_Array_inst/ddmtd_inst[0].DDMTD_i/FIFO_10_inst/U0/inst_fifo_gen/gconvfifo.rf/gbi.bi/v8_fifo.fblk/rst_val_sym.gextw_sym[8].inst_extd/gmult_prim.gll_chain.gp1[6].gbldc_reg.inst_prim/gf36e2_inst.sngfifo36e2/RDEN (clocked by clk_out2_clock_pll). Large setup violations at the end of those stages might be difficult to fix during the post-placement implementation flow and could be the result of non-optimal XDC constraints or non-optimal design architecture
Related violations: <none>

TIMING-16#41 Warning
Large setup violation  
There is a large setup violation of -1.227 ns between DDMTD_Array_inst/ddmtd_inst[0].DDMTD_i/data_in_fifo_reg/C (clocked by clk_out1_clock_pll) and DDMTD_Array_inst/ddmtd_inst[1].DDMTD_i/FIFO_10_inst/U0/inst_fifo_gen/gconvfifo.rf/gbi.bi/v8_fifo.fblk/rst_val_sym.gextw_sym[6].inst_extd/gmult_prim.gll_chain.gp1[0].gbldc_reg.inst_prim/gf36e2_inst.sngfifo36e2/RDEN (clocked by clk_out2_clock_pll). Large setup violations at the end of those stages might be difficult to fix during the post-placement implementation flow and could be the result of non-optimal XDC constraints or non-optimal design architecture
Related violations: <none>

TIMING-16#42 Warning
Large setup violation  
There is a large setup violation of -1.227 ns between DDMTD_Array_inst/ddmtd_inst[0].DDMTD_i/data_in_fifo_reg/C (clocked by clk_out1_clock_pll) and DDMTD_Array_inst/ddmtd_inst[1].DDMTD_i/FIFO_10_inst/U0/inst_fifo_gen/gconvfifo.rf/gbi.bi/v8_fifo.fblk/rst_val_sym.gextw_sym[7].inst_extd/gmult_prim.gll_chain.gp1[5].gbldc_reg.inst_prim/gf36e2_inst.sngfifo36e2/RDEN (clocked by clk_out2_clock_pll). Large setup violations at the end of those stages might be difficult to fix during the post-placement implementation flow and could be the result of non-optimal XDC constraints or non-optimal design architecture
Related violations: <none>

TIMING-16#43 Warning
Large setup violation  
There is a large setup violation of -1.227 ns between DDMTD_Array_inst/ddmtd_inst[0].DDMTD_i/data_in_fifo_reg/C (clocked by clk_out1_clock_pll) and DDMTD_Array_inst/ddmtd_inst[1].DDMTD_i/FIFO_10_inst/U0/inst_fifo_gen/gconvfifo.rf/gbi.bi/v8_fifo.fblk/rst_val_sym.gextw_sym[8].inst_extd/gmult_prim.gll_chain.gp1[5].gbldc_reg.inst_prim/gf36e2_inst.sngfifo36e2/RDEN (clocked by clk_out2_clock_pll). Large setup violations at the end of those stages might be difficult to fix during the post-placement implementation flow and could be the result of non-optimal XDC constraints or non-optimal design architecture
Related violations: <none>

TIMING-16#44 Warning
Large setup violation  
There is a large setup violation of -1.227 ns between enable_sampling_logic_reg_replica/C (clocked by clk_out1_clock_pll) and DDMTD_Array_inst/ddmtd_inst[0].DDMTD_i/FIFO_10_inst/U0/inst_fifo_gen/gconvfifo.rf/gbi.bi/v8_fifo.fblk/rst_val_sym.gextw_sym[1].inst_extd/gmult_prim.gll_chain.gp1[7].gbldc_reg.inst_prim/gf36e2_inst.sngfifo36e2/RDEN (clocked by clk_out2_clock_pll). Large setup violations at the end of those stages might be difficult to fix during the post-placement implementation flow and could be the result of non-optimal XDC constraints or non-optimal design architecture
Related violations: <none>

TIMING-16#45 Warning
Large setup violation  
There is a large setup violation of -1.227 ns between enable_sampling_logic_reg_replica/C (clocked by clk_out1_clock_pll) and DDMTD_Array_inst/ddmtd_inst[0].DDMTD_i/FIFO_10_inst/U0/inst_fifo_gen/gconvfifo.rf/gbi.bi/v8_fifo.fblk/rst_val_sym.gextw_sym[2].inst_extd/gmult_prim.gll_chain.gp1[6].gbldc_reg.inst_prim/gf36e2_inst.sngfifo36e2/RDEN (clocked by clk_out2_clock_pll). Large setup violations at the end of those stages might be difficult to fix during the post-placement implementation flow and could be the result of non-optimal XDC constraints or non-optimal design architecture
Related violations: <none>

TIMING-16#46 Warning
Large setup violation  
There is a large setup violation of -1.241 ns between enable_sampling_logic_reg_replica/C (clocked by clk_out1_clock_pll) and DDMTD_Array_inst/ddmtd_inst[0].DDMTD_i/FIFO_10_inst/U0/inst_fifo_gen/gconvfifo.rf/gbi.bi/v8_fifo.fblk/rst_val_sym.gextw_sym[3].inst_extd/gmult_prim.gll_chain.gp1[2].gbldc_reg.inst_prim/gf36e2_inst.sngfifo36e2/RDEN (clocked by clk_out2_clock_pll). Large setup violations at the end of those stages might be difficult to fix during the post-placement implementation flow and could be the result of non-optimal XDC constraints or non-optimal design architecture
Related violations: <none>

TIMING-16#47 Warning
Large setup violation  
There is a large setup violation of -1.247 ns between enable_sampling_logic_reg_replica/C (clocked by clk_out1_clock_pll) and DDMTD_Array_inst/ddmtd_inst[0].DDMTD_i/FIFO_10_inst/U0/inst_fifo_gen/gconvfifo.rf/gbi.bi/v8_fifo.fblk/rst_val_sym.gextw_sym[4].inst_extd/gmult_prim.gll_chain.gp1[4].gbldc_reg.inst_prim/gf36e2_inst.sngfifo36e2/RDEN (clocked by clk_out2_clock_pll). Large setup violations at the end of those stages might be difficult to fix during the post-placement implementation flow and could be the result of non-optimal XDC constraints or non-optimal design architecture
Related violations: <none>

TIMING-16#48 Warning
Large setup violation  
There is a large setup violation of -1.248 ns between DDMTD_Array_inst/ddmtd_inst[0].DDMTD_i/data_in_fifo_reg/C (clocked by clk_out1_clock_pll) and DDMTD_Array_inst/ddmtd_inst[1].DDMTD_i/FIFO_10_inst/U0/inst_fifo_gen/gconvfifo.rf/gbi.bi/v8_fifo.fblk/rst_val_sym.gextw_sym[6].inst_extd/gmult_prim.gll_chain.gp1[1].gbldc_reg.inst_prim/gf36e2_inst.sngfifo36e2/RDEN (clocked by clk_out2_clock_pll). Large setup violations at the end of those stages might be difficult to fix during the post-placement implementation flow and could be the result of non-optimal XDC constraints or non-optimal design architecture
Related violations: <none>

TIMING-16#49 Warning
Large setup violation  
There is a large setup violation of -1.253 ns between enable_sampling_logic_reg_replica/C (clocked by clk_out1_clock_pll) and DDMTD_Array_inst/ddmtd_inst[0].DDMTD_i/FIFO_10_inst/U0/inst_fifo_gen/gconvfifo.rf/gbi.bi/v8_fifo.fblk/rst_val_sym.gextw_sym[3].inst_extd/gmult_prim.gll_chain.gp1[3].gbldc_reg.inst_prim/gf36e2_inst.sngfifo36e2/RDEN (clocked by clk_out2_clock_pll). Large setup violations at the end of those stages might be difficult to fix during the post-placement implementation flow and could be the result of non-optimal XDC constraints or non-optimal design architecture
Related violations: <none>

TIMING-16#50 Warning
Large setup violation  
There is a large setup violation of -1.253 ns between enable_sampling_logic_reg_replica/C (clocked by clk_out1_clock_pll) and DDMTD_Array_inst/ddmtd_inst[0].DDMTD_i/FIFO_10_inst/U0/inst_fifo_gen/gconvfifo.rf/gbi.bi/v8_fifo.fblk/rst_val_sym.gextw_sym[3].inst_extd/gmult_prim.gll_chain.gp1[4].gbldc_reg.inst_prim/gf36e2_inst.sngfifo36e2/RDEN (clocked by clk_out2_clock_pll). Large setup violations at the end of those stages might be difficult to fix during the post-placement implementation flow and could be the result of non-optimal XDC constraints or non-optimal design architecture
Related violations: <none>

TIMING-16#51 Warning
Large setup violation  
There is a large setup violation of -1.254 ns between DDMTD_Array_inst/ddmtd_inst[0].DDMTD_i/data_in_fifo_reg/C (clocked by clk_out1_clock_pll) and DDMTD_Array_inst/ddmtd_inst[1].DDMTD_i/FIFO_10_inst/U0/inst_fifo_gen/gconvfifo.rf/gbi.bi/v8_fifo.fblk/rst_val_sym.gextw_sym[8].inst_extd/gmult_prim.gll_chain.gp1[4].gbldc_reg.inst_prim/gf36e2_inst.sngfifo36e2/RDEN (clocked by clk_out2_clock_pll). Large setup violations at the end of those stages might be difficult to fix during the post-placement implementation flow and could be the result of non-optimal XDC constraints or non-optimal design architecture
Related violations: <none>

TIMING-16#52 Warning
Large setup violation  
There is a large setup violation of -1.255 ns between DDMTD_Array_inst/ddmtd_inst[0].DDMTD_i/data_in_fifo_reg/C (clocked by clk_out1_clock_pll) and DDMTD_Array_inst/ddmtd_inst[1].DDMTD_i/FIFO_10_inst/U0/inst_fifo_gen/gconvfifo.rf/gbi.bi/v8_fifo.fblk/rst_val_sym.gextw_sym[4].inst_extd/gmult_prim.gll_chain.gp1[1].gbldc_reg.inst_prim/gf36e2_inst.sngfifo36e2/RDEN (clocked by clk_out2_clock_pll). Large setup violations at the end of those stages might be difficult to fix during the post-placement implementation flow and could be the result of non-optimal XDC constraints or non-optimal design architecture
Related violations: <none>

TIMING-16#53 Warning
Large setup violation  
There is a large setup violation of -1.255 ns between enable_sampling_logic_reg_replica/C (clocked by clk_out1_clock_pll) and DDMTD_Array_inst/ddmtd_inst[0].DDMTD_i/FIFO_10_inst/U0/inst_fifo_gen/gconvfifo.rf/gbi.bi/v8_fifo.fblk/rst_val_sym.gextw_sym[1].inst_extd/gmult_prim.gll_chain.gp1[0].gbldc_reg.inst_prim/gf36e2_inst.sngfifo36e2/RDEN (clocked by clk_out2_clock_pll). Large setup violations at the end of those stages might be difficult to fix during the post-placement implementation flow and could be the result of non-optimal XDC constraints or non-optimal design architecture
Related violations: <none>

TIMING-16#54 Warning
Large setup violation  
There is a large setup violation of -1.258 ns between DDMTD_Array_inst/ddmtd_inst[0].DDMTD_i/data_in_fifo_reg/C (clocked by clk_out1_clock_pll) and DDMTD_Array_inst/ddmtd_inst[1].DDMTD_i/FIFO_10_inst/U0/inst_fifo_gen/gconvfifo.rf/gbi.bi/v8_fifo.fblk/rst_val_sym.gextw_sym[1].inst_extd/gmult_prim.gll_chain.gp1[1].gbldc_reg.inst_prim/gf36e2_inst.sngfifo36e2/RDEN (clocked by clk_out2_clock_pll). Large setup violations at the end of those stages might be difficult to fix during the post-placement implementation flow and could be the result of non-optimal XDC constraints or non-optimal design architecture
Related violations: <none>

TIMING-16#55 Warning
Large setup violation  
There is a large setup violation of -1.259 ns between enable_sampling_logic_reg_replica/C (clocked by clk_out1_clock_pll) and DDMTD_Array_inst/ddmtd_inst[0].DDMTD_i/FIFO_10_inst/U0/inst_fifo_gen/gconvfifo.rf/gbi.bi/v8_fifo.fblk/rst_val_sym.gextw_sym[7].inst_extd/gmult_prim.gll_chain.gp1[6].gbldc_reg.inst_prim/gf36e2_inst.sngfifo36e2/RDEN (clocked by clk_out2_clock_pll). Large setup violations at the end of those stages might be difficult to fix during the post-placement implementation flow and could be the result of non-optimal XDC constraints or non-optimal design architecture
Related violations: <none>

TIMING-16#56 Warning
Large setup violation  
There is a large setup violation of -1.260 ns between enable_sampling_logic_reg_replica/C (clocked by clk_out1_clock_pll) and DDMTD_Array_inst/ddmtd_inst[0].DDMTD_i/FIFO_10_inst/U0/inst_fifo_gen/gconvfifo.rf/gbi.bi/v8_fifo.fblk/rst_val_sym.gextw_sym[6].inst_extd/gmult_prim.gll_chain.gp1[0].gbldc_reg.inst_prim/gf36e2_inst.sngfifo36e2/RDEN (clocked by clk_out2_clock_pll). Large setup violations at the end of those stages might be difficult to fix during the post-placement implementation flow and could be the result of non-optimal XDC constraints or non-optimal design architecture
Related violations: <none>

TIMING-16#57 Warning
Large setup violation  
There is a large setup violation of -1.263 ns between enable_sampling_logic_reg_replica/C (clocked by clk_out1_clock_pll) and DDMTD_Array_inst/ddmtd_inst[0].DDMTD_i/FIFO_10_inst/U0/inst_fifo_gen/gconvfifo.rf/gbi.bi/v8_fifo.fblk/rst_val_sym.gextw_sym[1].inst_extd/gmult_prim.gll_chain.gp1[6].gbldc_reg.inst_prim/gf36e2_inst.sngfifo36e2/RDEN (clocked by clk_out2_clock_pll). Large setup violations at the end of those stages might be difficult to fix during the post-placement implementation flow and could be the result of non-optimal XDC constraints or non-optimal design architecture
Related violations: <none>

TIMING-16#58 Warning
Large setup violation  
There is a large setup violation of -1.265 ns between enable_sampling_logic_reg_replica/C (clocked by clk_out1_clock_pll) and DDMTD_Array_inst/ddmtd_inst[0].DDMTD_i/FIFO_10_inst/U0/inst_fifo_gen/gconvfifo.rf/gbi.bi/v8_fifo.fblk/rst_val_sym.gextw_sym[2].inst_extd/gmult_prim.gll_chain.gp1[7].gbldc_reg.inst_prim/gf36e2_inst.sngfifo36e2/RDEN (clocked by clk_out2_clock_pll). Large setup violations at the end of those stages might be difficult to fix during the post-placement implementation flow and could be the result of non-optimal XDC constraints or non-optimal design architecture
Related violations: <none>

TIMING-16#59 Warning
Large setup violation  
There is a large setup violation of -1.269 ns between DDMTD_Array_inst/ddmtd_inst[0].DDMTD_i/data_in_fifo_reg/C (clocked by clk_out1_clock_pll) and DDMTD_Array_inst/ddmtd_inst[1].DDMTD_i/FIFO_10_inst/U0/inst_fifo_gen/gconvfifo.rf/gbi.bi/v8_fifo.fblk/rst_val_sym.gextw_sym[7].inst_extd/gmult_prim.gll_chain.gp1[3].gbldc_reg.inst_prim/gf36e2_inst.sngfifo36e2/RDEN (clocked by clk_out2_clock_pll). Large setup violations at the end of those stages might be difficult to fix during the post-placement implementation flow and could be the result of non-optimal XDC constraints or non-optimal design architecture
Related violations: <none>

TIMING-16#60 Warning
Large setup violation  
There is a large setup violation of -1.273 ns between DDMTD_Array_inst/ddmtd_inst[0].DDMTD_i/data_in_fifo_reg/C (clocked by clk_out1_clock_pll) and DDMTD_Array_inst/ddmtd_inst[1].DDMTD_i/FIFO_10_inst/U0/inst_fifo_gen/gconvfifo.rf/gbi.bi/v8_fifo.fblk/rst_val_sym.gextw_sym[4].inst_extd/gmult_prim.gll_chain.gp1[0].gbldc_reg.inst_prim/gf36e2_inst.sngfifo36e2/RDEN (clocked by clk_out2_clock_pll). Large setup violations at the end of those stages might be difficult to fix during the post-placement implementation flow and could be the result of non-optimal XDC constraints or non-optimal design architecture
Related violations: <none>

TIMING-16#61 Warning
Large setup violation  
There is a large setup violation of -1.275 ns between DDMTD_Array_inst/ddmtd_inst[0].DDMTD_i/data_in_fifo_reg/C (clocked by clk_out1_clock_pll) and DDMTD_Array_inst/ddmtd_inst[1].DDMTD_i/FIFO_10_inst/U0/inst_fifo_gen/gconvfifo.rf/gbi.bi/v8_fifo.fblk/rst_val_sym.gextw_sym[7].inst_extd/gmult_prim.gll_chain.gp1[0].gbldc_reg.inst_prim/gf36e2_inst.sngfifo36e2/RDEN (clocked by clk_out2_clock_pll). Large setup violations at the end of those stages might be difficult to fix during the post-placement implementation flow and could be the result of non-optimal XDC constraints or non-optimal design architecture
Related violations: <none>

TIMING-16#62 Warning
Large setup violation  
There is a large setup violation of -1.278 ns between DDMTD_Array_inst/ddmtd_inst[0].DDMTD_i/data_in_fifo_reg/C (clocked by clk_out1_clock_pll) and DDMTD_Array_inst/ddmtd_inst[1].DDMTD_i/FIFO_10_inst/U0/inst_fifo_gen/gconvfifo.rf/gbi.bi/v8_fifo.fblk/rst_val_sym.gextw_sym[6].inst_extd/gmult_prim.gll_chain.gp1[5].gbldc_reg.inst_prim/gf36e2_inst.sngfifo36e2/RDEN (clocked by clk_out2_clock_pll). Large setup violations at the end of those stages might be difficult to fix during the post-placement implementation flow and could be the result of non-optimal XDC constraints or non-optimal design architecture
Related violations: <none>

TIMING-16#63 Warning
Large setup violation  
There is a large setup violation of -1.282 ns between enable_sampling_logic_reg_replica/C (clocked by clk_out1_clock_pll) and DDMTD_Array_inst/ddmtd_inst[0].DDMTD_i/FIFO_10_inst/U0/inst_fifo_gen/gconvfifo.rf/gbi.bi/v8_fifo.fblk/rst_val_sym.gextw_sym[7].inst_extd/gmult_prim.gll_chain.gp1[3].gbldc_reg.inst_prim/gf36e2_inst.sngfifo36e2/RDEN (clocked by clk_out2_clock_pll). Large setup violations at the end of those stages might be difficult to fix during the post-placement implementation flow and could be the result of non-optimal XDC constraints or non-optimal design architecture
Related violations: <none>

TIMING-16#64 Warning
Large setup violation  
There is a large setup violation of -1.283 ns between enable_sampling_logic_reg_replica/C (clocked by clk_out1_clock_pll) and DDMTD_Array_inst/ddmtd_inst[0].DDMTD_i/FIFO_10_inst/U0/inst_fifo_gen/gconvfifo.rf/gbi.bi/v8_fifo.fblk/rst_val_sym.gextw_sym[4].inst_extd/gmult_prim.gll_chain.gp1[7].gbldc_reg.inst_prim/gf36e2_inst.sngfifo36e2/RDEN (clocked by clk_out2_clock_pll). Large setup violations at the end of those stages might be difficult to fix during the post-placement implementation flow and could be the result of non-optimal XDC constraints or non-optimal design architecture
Related violations: <none>

TIMING-16#65 Warning
Large setup violation  
There is a large setup violation of -1.284 ns between enable_sampling_logic_reg_replica/C (clocked by clk_out1_clock_pll) and DDMTD_Array_inst/ddmtd_inst[0].DDMTD_i/FIFO_10_inst/U0/inst_fifo_gen/gconvfifo.rf/gbi.bi/v8_fifo.fblk/rst_val_sym.gextw_sym[3].inst_extd/gmult_prim.gll_chain.gp1[1].gbldc_reg.inst_prim/gf36e2_inst.sngfifo36e2/RDEN (clocked by clk_out2_clock_pll). Large setup violations at the end of those stages might be difficult to fix during the post-placement implementation flow and could be the result of non-optimal XDC constraints or non-optimal design architecture
Related violations: <none>

TIMING-16#66 Warning
Large setup violation  
There is a large setup violation of -1.285 ns between DDMTD_Array_inst/ddmtd_inst[0].DDMTD_i/data_in_fifo_reg/C (clocked by clk_out1_clock_pll) and DDMTD_Array_inst/ddmtd_inst[1].DDMTD_i/FIFO_10_inst/U0/inst_fifo_gen/gconvfifo.rf/gbi.bi/v8_fifo.fblk/rst_val_sym.gextw_sym[6].inst_extd/gmult_prim.gll_chain.gp1[4].gbldc_reg.inst_prim/gf36e2_inst.sngfifo36e2/RDEN (clocked by clk_out2_clock_pll). Large setup violations at the end of those stages might be difficult to fix during the post-placement implementation flow and could be the result of non-optimal XDC constraints or non-optimal design architecture
Related violations: <none>

TIMING-16#67 Warning
Large setup violation  
There is a large setup violation of -1.286 ns between DDMTD_Array_inst/ddmtd_inst[0].DDMTD_i/data_in_fifo_reg/C (clocked by clk_out1_clock_pll) and DDMTD_Array_inst/ddmtd_inst[1].DDMTD_i/FIFO_10_inst/U0/inst_fifo_gen/gconvfifo.rf/gbi.bi/v8_fifo.fblk/rst_val_sym.gextw_sym[2].inst_extd/gmult_prim.gll_chain.gp1[3].gbldc_reg.inst_prim/gf36e2_inst.sngfifo36e2/RDEN (clocked by clk_out2_clock_pll). Large setup violations at the end of those stages might be difficult to fix during the post-placement implementation flow and could be the result of non-optimal XDC constraints or non-optimal design architecture
Related violations: <none>

TIMING-16#68 Warning
Large setup violation  
There is a large setup violation of -1.292 ns between enable_sampling_logic_reg_replica/C (clocked by clk_out1_clock_pll) and DDMTD_Array_inst/ddmtd_inst[0].DDMTD_i/FIFO_10_inst/U0/inst_fifo_gen/gconvfifo.rf/gbi.bi/v8_fifo.fblk/rst_val_sym.gextw_sym[8].inst_extd/gmult_prim.gll_chain.gp1[3].gbldc_reg.inst_prim/gf36e2_inst.sngfifo36e2/RDEN (clocked by clk_out2_clock_pll). Large setup violations at the end of those stages might be difficult to fix during the post-placement implementation flow and could be the result of non-optimal XDC constraints or non-optimal design architecture
Related violations: <none>

TIMING-16#69 Warning
Large setup violation  
There is a large setup violation of -1.296 ns between DDMTD_Array_inst/ddmtd_inst[0].DDMTD_i/data_in_fifo_reg/C (clocked by clk_out1_clock_pll) and DDMTD_Array_inst/ddmtd_inst[1].DDMTD_i/FIFO_10_inst/U0/inst_fifo_gen/gconvfifo.rf/gbi.bi/v8_fifo.fblk/rst_val_sym.gextw_sym[7].inst_extd/gmult_prim.gll_chain.gp1[2].gbldc_reg.inst_prim/gf36e2_inst.sngfifo36e2/RDEN (clocked by clk_out2_clock_pll). Large setup violations at the end of those stages might be difficult to fix during the post-placement implementation flow and could be the result of non-optimal XDC constraints or non-optimal design architecture
Related violations: <none>

TIMING-16#70 Warning
Large setup violation  
There is a large setup violation of -1.296 ns between enable_sampling_logic_reg_replica/C (clocked by clk_out1_clock_pll) and DDMTD_Array_inst/ddmtd_inst[0].DDMTD_i/FIFO_10_inst/U0/inst_fifo_gen/gconvfifo.rf/gbi.bi/v8_fifo.fblk/rst_val_sym.gextw_sym[2].inst_extd/gmult_prim.gll_chain.gp1[0].gbldc_reg.inst_prim/gf36e2_inst.sngfifo36e2/RDEN (clocked by clk_out2_clock_pll). Large setup violations at the end of those stages might be difficult to fix during the post-placement implementation flow and could be the result of non-optimal XDC constraints or non-optimal design architecture
Related violations: <none>

TIMING-16#71 Warning
Large setup violation  
There is a large setup violation of -1.297 ns between DDMTD_Array_inst/ddmtd_inst[0].DDMTD_i/data_in_fifo_reg/C (clocked by clk_out1_clock_pll) and DDMTD_Array_inst/ddmtd_inst[1].DDMTD_i/FIFO_10_inst/U0/inst_fifo_gen/gconvfifo.rf/gbi.bi/v8_fifo.fblk/rst_val_sym.gextw_sym[2].inst_extd/gmult_prim.gll_chain.gp1[4].gbldc_reg.inst_prim/gf36e2_inst.sngfifo36e2/RDEN (clocked by clk_out2_clock_pll). Large setup violations at the end of those stages might be difficult to fix during the post-placement implementation flow and could be the result of non-optimal XDC constraints or non-optimal design architecture
Related violations: <none>

TIMING-16#72 Warning
Large setup violation  
There is a large setup violation of -1.302 ns between enable_sampling_logic_reg_replica/C (clocked by clk_out1_clock_pll) and DDMTD_Array_inst/ddmtd_inst[0].DDMTD_i/FIFO_10_inst/U0/inst_fifo_gen/gconvfifo.rf/gbi.bi/v8_fifo.fblk/rst_val_sym.gextw_sym[2].inst_extd/gmult_prim.gll_chain.gp1[2].gbldc_reg.inst_prim/gf36e2_inst.sngfifo36e2/RDEN (clocked by clk_out2_clock_pll). Large setup violations at the end of those stages might be difficult to fix during the post-placement implementation flow and could be the result of non-optimal XDC constraints or non-optimal design architecture
Related violations: <none>

TIMING-16#73 Warning
Large setup violation  
There is a large setup violation of -1.305 ns between enable_sampling_logic_reg_replica/C (clocked by clk_out1_clock_pll) and DDMTD_Array_inst/ddmtd_inst[0].DDMTD_i/FIFO_10_inst/U0/inst_fifo_gen/gconvfifo.rf/gbi.bi/v8_fifo.fblk/rst_val_sym.gextw_sym[7].inst_extd/gmult_prim.gll_chain.gp1[7].gbldc_reg.inst_prim/gf36e2_inst.sngfifo36e2/RDEN (clocked by clk_out2_clock_pll). Large setup violations at the end of those stages might be difficult to fix during the post-placement implementation flow and could be the result of non-optimal XDC constraints or non-optimal design architecture
Related violations: <none>

TIMING-16#74 Warning
Large setup violation  
There is a large setup violation of -1.310 ns between enable_sampling_logic_reg_replica/C (clocked by clk_out1_clock_pll) and DDMTD_Array_inst/ddmtd_inst[0].DDMTD_i/FIFO_10_inst/U0/inst_fifo_gen/gconvfifo.rf/gbi.bi/v8_fifo.fblk/rst_val_sym.gextw_sym[1].inst_extd/gmult_prim.gll_chain.gp1[4].gbldc_reg.inst_prim/gf36e2_inst.sngfifo36e2/RDEN (clocked by clk_out2_clock_pll). Large setup violations at the end of those stages might be difficult to fix during the post-placement implementation flow and could be the result of non-optimal XDC constraints or non-optimal design architecture
Related violations: <none>

TIMING-16#75 Warning
Large setup violation  
There is a large setup violation of -1.311 ns between enable_sampling_logic_reg_replica/C (clocked by clk_out1_clock_pll) and DDMTD_Array_inst/ddmtd_inst[0].DDMTD_i/FIFO_10_inst/U0/inst_fifo_gen/gconvfifo.rf/gbi.bi/v8_fifo.fblk/rst_val_sym.gextw_sym[8].inst_extd/gmult_prim.gll_chain.gp1[0].gbldc_reg.inst_prim/gf36e2_inst.sngfifo36e2/RDEN (clocked by clk_out2_clock_pll). Large setup violations at the end of those stages might be difficult to fix during the post-placement implementation flow and could be the result of non-optimal XDC constraints or non-optimal design architecture
Related violations: <none>

TIMING-16#76 Warning
Large setup violation  
There is a large setup violation of -1.315 ns between DDMTD_Array_inst/ddmtd_inst[0].DDMTD_i/data_in_fifo_reg/C (clocked by clk_out1_clock_pll) and DDMTD_Array_inst/ddmtd_inst[1].DDMTD_i/FIFO_10_inst/U0/inst_fifo_gen/gconvfifo.rf/gbi.bi/v8_fifo.fblk/rst_val_sym.gextw_sym[3].inst_extd/gmult_prim.gll_chain.gp1[7].gbldc_reg.inst_prim/gf36e2_inst.sngfifo36e2/RDEN (clocked by clk_out2_clock_pll). Large setup violations at the end of those stages might be difficult to fix during the post-placement implementation flow and could be the result of non-optimal XDC constraints or non-optimal design architecture
Related violations: <none>

TIMING-16#77 Warning
Large setup violation  
There is a large setup violation of -1.318 ns between DDMTD_Array_inst/ddmtd_inst[0].DDMTD_i/data_in_fifo_reg/C (clocked by clk_out1_clock_pll) and DDMTD_Array_inst/ddmtd_inst[1].DDMTD_i/FIFO_10_inst/U0/inst_fifo_gen/gconvfifo.rf/gbi.bi/v8_fifo.fblk/rst_val_sym.gextw_sym[4].inst_extd/gmult_prim.gll_chain.gp1[7].gbldc_reg.inst_prim/gf36e2_inst.sngfifo36e2/RDEN (clocked by clk_out2_clock_pll). Large setup violations at the end of those stages might be difficult to fix during the post-placement implementation flow and could be the result of non-optimal XDC constraints or non-optimal design architecture
Related violations: <none>

TIMING-16#78 Warning
Large setup violation  
There is a large setup violation of -1.319 ns between enable_sampling_logic_reg_replica/C (clocked by clk_out1_clock_pll) and DDMTD_Array_inst/ddmtd_inst[0].DDMTD_i/FIFO_10_inst/U0/inst_fifo_gen/gconvfifo.rf/gbi.bi/v8_fifo.fblk/rst_val_sym.gextw_sym[4].inst_extd/gmult_prim.gll_chain.gp1[2].gbldc_reg.inst_prim/gf36e2_inst.sngfifo36e2/RDEN (clocked by clk_out2_clock_pll). Large setup violations at the end of those stages might be difficult to fix during the post-placement implementation flow and could be the result of non-optimal XDC constraints or non-optimal design architecture
Related violations: <none>

TIMING-16#79 Warning
Large setup violation  
There is a large setup violation of -1.321 ns between enable_sampling_logic_reg_replica/C (clocked by clk_out1_clock_pll) and DDMTD_Array_inst/ddmtd_inst[0].DDMTD_i/FIFO_10_inst/U0/inst_fifo_gen/gconvfifo.rf/gbi.bi/v8_fifo.fblk/rst_val_sym.gextw_sym[3].inst_extd/gmult_prim.gll_chain.gp1[7].gbldc_reg.inst_prim/gf36e2_inst.sngfifo36e2/RDEN (clocked by clk_out2_clock_pll). Large setup violations at the end of those stages might be difficult to fix during the post-placement implementation flow and could be the result of non-optimal XDC constraints or non-optimal design architecture
Related violations: <none>

TIMING-16#80 Warning
Large setup violation  
There is a large setup violation of -1.323 ns between DDMTD_Array_inst/ddmtd_inst[0].DDMTD_i/data_in_fifo_reg/C (clocked by clk_out1_clock_pll) and DDMTD_Array_inst/ddmtd_inst[1].DDMTD_i/FIFO_10_inst/U0/inst_fifo_gen/gconvfifo.rf/gbi.bi/v8_fifo.fblk/rst_val_sym.gextw_sym[7].inst_extd/gmult_prim.gll_chain.gp1[6].gbldc_reg.inst_prim/gf36e2_inst.sngfifo36e2/RDEN (clocked by clk_out2_clock_pll). Large setup violations at the end of those stages might be difficult to fix during the post-placement implementation flow and could be the result of non-optimal XDC constraints or non-optimal design architecture
Related violations: <none>

TIMING-16#81 Warning
Large setup violation  
There is a large setup violation of -1.331 ns between enable_sampling_logic_reg_replica/C (clocked by clk_out1_clock_pll) and DDMTD_Array_inst/ddmtd_inst[0].DDMTD_i/FIFO_10_inst/U0/inst_fifo_gen/gconvfifo.rf/gbi.bi/v8_fifo.fblk/rst_val_sym.gextw_sym[7].inst_extd/gmult_prim.gll_chain.gp1[1].gbldc_reg.inst_prim/gf36e2_inst.sngfifo36e2/RDEN (clocked by clk_out2_clock_pll). Large setup violations at the end of those stages might be difficult to fix during the post-placement implementation flow and could be the result of non-optimal XDC constraints or non-optimal design architecture
Related violations: <none>

TIMING-16#82 Warning
Large setup violation  
There is a large setup violation of -1.332 ns between DDMTD_Array_inst/ddmtd_inst[0].DDMTD_i/data_in_fifo_reg/C (clocked by clk_out1_clock_pll) and DDMTD_Array_inst/ddmtd_inst[1].DDMTD_i/FIFO_10_inst/U0/inst_fifo_gen/gconvfifo.rf/gbi.bi/v8_fifo.fblk/rst_val_sym.gextw_sym[4].inst_extd/gmult_prim.gll_chain.gp1[5].gbldc_reg.inst_prim/gf36e2_inst.sngfifo36e2/RDEN (clocked by clk_out2_clock_pll). Large setup violations at the end of those stages might be difficult to fix during the post-placement implementation flow and could be the result of non-optimal XDC constraints or non-optimal design architecture
Related violations: <none>

TIMING-16#83 Warning
Large setup violation  
There is a large setup violation of -1.332 ns between DDMTD_Array_inst/ddmtd_inst[0].DDMTD_i/data_in_fifo_reg/C (clocked by clk_out1_clock_pll) and DDMTD_Array_inst/ddmtd_inst[1].DDMTD_i/FIFO_10_inst/U0/inst_fifo_gen/gconvfifo.rf/gbi.bi/v8_fifo.fblk/rst_val_sym.gextw_sym[6].inst_extd/gmult_prim.gll_chain.gp1[7].gbldc_reg.inst_prim/gf36e2_inst.sngfifo36e2/RDEN (clocked by clk_out2_clock_pll). Large setup violations at the end of those stages might be difficult to fix during the post-placement implementation flow and could be the result of non-optimal XDC constraints or non-optimal design architecture
Related violations: <none>

TIMING-16#84 Warning
Large setup violation  
There is a large setup violation of -1.340 ns between DDMTD_Array_inst/ddmtd_inst[0].DDMTD_i/data_in_fifo_reg/C (clocked by clk_out1_clock_pll) and DDMTD_Array_inst/ddmtd_inst[1].DDMTD_i/FIFO_10_inst/U0/inst_fifo_gen/gconvfifo.rf/gbi.bi/v8_fifo.fblk/rst_val_sym.gextw_sym[2].inst_extd/gmult_prim.gll_chain.gp1[1].gbldc_reg.inst_prim/gf36e2_inst.sngfifo36e2/RDEN (clocked by clk_out2_clock_pll). Large setup violations at the end of those stages might be difficult to fix during the post-placement implementation flow and could be the result of non-optimal XDC constraints or non-optimal design architecture
Related violations: <none>

TIMING-16#85 Warning
Large setup violation  
There is a large setup violation of -1.341 ns between DDMTD_Array_inst/ddmtd_inst[0].DDMTD_i/data_in_fifo_reg/C (clocked by clk_out1_clock_pll) and DDMTD_Array_inst/ddmtd_inst[1].DDMTD_i/FIFO_10_inst/U0/inst_fifo_gen/gconvfifo.rf/gbi.bi/v8_fifo.fblk/rst_val_sym.gextw_sym[7].inst_extd/gmult_prim.gll_chain.gp1[7].gbldc_reg.inst_prim/gf36e2_inst.sngfifo36e2/RDEN (clocked by clk_out2_clock_pll). Large setup violations at the end of those stages might be difficult to fix during the post-placement implementation flow and could be the result of non-optimal XDC constraints or non-optimal design architecture
Related violations: <none>

TIMING-16#86 Warning
Large setup violation  
There is a large setup violation of -1.343 ns between enable_sampling_logic_reg_replica/C (clocked by clk_out1_clock_pll) and DDMTD_Array_inst/ddmtd_inst[0].DDMTD_i/FIFO_10_inst/U0/inst_fifo_gen/gconvfifo.rf/gbi.bi/v8_fifo.fblk/rst_val_sym.gextw_sym[6].inst_extd/gmult_prim.gll_chain.gp1[4].gbldc_reg.inst_prim/gf36e2_inst.sngfifo36e2/RDEN (clocked by clk_out2_clock_pll). Large setup violations at the end of those stages might be difficult to fix during the post-placement implementation flow and could be the result of non-optimal XDC constraints or non-optimal design architecture
Related violations: <none>

TIMING-16#87 Warning
Large setup violation  
There is a large setup violation of -1.344 ns between enable_sampling_logic_reg_replica/C (clocked by clk_out1_clock_pll) and DDMTD_Array_inst/ddmtd_inst[0].DDMTD_i/FIFO_10_inst/U0/inst_fifo_gen/gconvfifo.rf/gbi.bi/v8_fifo.fblk/rst_val_sym.gextw_sym[4].inst_extd/gmult_prim.gll_chain.gp1[3].gbldc_reg.inst_prim/gf36e2_inst.sngfifo36e2/RDEN (clocked by clk_out2_clock_pll). Large setup violations at the end of those stages might be difficult to fix during the post-placement implementation flow and could be the result of non-optimal XDC constraints or non-optimal design architecture
Related violations: <none>

TIMING-16#88 Warning
Large setup violation  
There is a large setup violation of -1.345 ns between enable_sampling_logic_reg_replica/C (clocked by clk_out1_clock_pll) and DDMTD_Array_inst/ddmtd_inst[0].DDMTD_i/FIFO_10_inst/U0/inst_fifo_gen/gconvfifo.rf/gbi.bi/v8_fifo.fblk/rst_val_sym.gextw_sym[2].inst_extd/gmult_prim.gll_chain.gp1[5].gbldc_reg.inst_prim/gf36e2_inst.sngfifo36e2/RDEN (clocked by clk_out2_clock_pll). Large setup violations at the end of those stages might be difficult to fix during the post-placement implementation flow and could be the result of non-optimal XDC constraints or non-optimal design architecture
Related violations: <none>

TIMING-16#89 Warning
Large setup violation  
There is a large setup violation of -1.346 ns between enable_sampling_logic_reg_replica/C (clocked by clk_out1_clock_pll) and DDMTD_Array_inst/ddmtd_inst[0].DDMTD_i/FIFO_10_inst/U0/inst_fifo_gen/gconvfifo.rf/gbi.bi/v8_fifo.fblk/rst_val_sym.gextw_sym[4].inst_extd/gmult_prim.gll_chain.gp1[1].gbldc_reg.inst_prim/gf36e2_inst.sngfifo36e2/RDEN (clocked by clk_out2_clock_pll). Large setup violations at the end of those stages might be difficult to fix during the post-placement implementation flow and could be the result of non-optimal XDC constraints or non-optimal design architecture
Related violations: <none>

TIMING-16#90 Warning
Large setup violation  
There is a large setup violation of -1.346 ns between enable_sampling_logic_reg_replica/C (clocked by clk_out1_clock_pll) and DDMTD_Array_inst/ddmtd_inst[0].DDMTD_i/FIFO_10_inst/U0/inst_fifo_gen/gconvfifo.rf/gbi.bi/v8_fifo.fblk/rst_val_sym.gextw_sym[8].inst_extd/gmult_prim.gll_chain.gp1[2].gbldc_reg.inst_prim/gf36e2_inst.sngfifo36e2/RDEN (clocked by clk_out2_clock_pll). Large setup violations at the end of those stages might be difficult to fix during the post-placement implementation flow and could be the result of non-optimal XDC constraints or non-optimal design architecture
Related violations: <none>

TIMING-16#91 Warning
Large setup violation  
There is a large setup violation of -1.349 ns between DDMTD_Array_inst/ddmtd_inst[0].DDMTD_i/data_in_fifo_reg/C (clocked by clk_out1_clock_pll) and DDMTD_Array_inst/ddmtd_inst[1].DDMTD_i/FIFO_10_inst/U0/inst_fifo_gen/gconvfifo.rf/gbi.bi/v8_fifo.fblk/rst_val_sym.gextw_sym[8].inst_extd/gmult_prim.gll_chain.gp1[3].gbldc_reg.inst_prim/gf36e2_inst.sngfifo36e2/RDEN (clocked by clk_out2_clock_pll). Large setup violations at the end of those stages might be difficult to fix during the post-placement implementation flow and could be the result of non-optimal XDC constraints or non-optimal design architecture
Related violations: <none>

TIMING-16#92 Warning
Large setup violation  
There is a large setup violation of -1.350 ns between enable_sampling_logic_reg_replica/C (clocked by clk_out1_clock_pll) and DDMTD_Array_inst/ddmtd_inst[0].DDMTD_i/FIFO_10_inst/U0/inst_fifo_gen/gconvfifo.rf/gbi.bi/v8_fifo.fblk/rst_val_sym.gextw_sym[4].inst_extd/gmult_prim.gll_chain.gp1[0].gbldc_reg.inst_prim/gf36e2_inst.sngfifo36e2/RDEN (clocked by clk_out2_clock_pll). Large setup violations at the end of those stages might be difficult to fix during the post-placement implementation flow and could be the result of non-optimal XDC constraints or non-optimal design architecture
Related violations: <none>

TIMING-16#93 Warning
Large setup violation  
There is a large setup violation of -1.356 ns between DDMTD_Array_inst/ddmtd_inst[0].DDMTD_i/data_in_fifo_reg/C (clocked by clk_out1_clock_pll) and DDMTD_Array_inst/ddmtd_inst[1].DDMTD_i/FIFO_10_inst/U0/inst_fifo_gen/gconvfifo.rf/gbi.bi/v8_fifo.fblk/rst_val_sym.gextw_sym[8].inst_extd/gmult_prim.gll_chain.gp1[2].gbldc_reg.inst_prim/gf36e2_inst.sngfifo36e2/RDEN (clocked by clk_out2_clock_pll). Large setup violations at the end of those stages might be difficult to fix during the post-placement implementation flow and could be the result of non-optimal XDC constraints or non-optimal design architecture
Related violations: <none>

TIMING-16#94 Warning
Large setup violation  
There is a large setup violation of -1.356 ns between enable_sampling_logic_reg_replica/C (clocked by clk_out1_clock_pll) and DDMTD_Array_inst/ddmtd_inst[0].DDMTD_i/FIFO_10_inst/U0/inst_fifo_gen/gconvfifo.rf/gbi.bi/v8_fifo.fblk/rst_val_sym.gextw_sym[5].inst_extd/gmult_prim.gll_chain.gp1[1].gbldc_reg.inst_prim/gf36e2_inst.sngfifo36e2/RDEN (clocked by clk_out2_clock_pll). Large setup violations at the end of those stages might be difficult to fix during the post-placement implementation flow and could be the result of non-optimal XDC constraints or non-optimal design architecture
Related violations: <none>

TIMING-16#95 Warning
Large setup violation  
There is a large setup violation of -1.360 ns between DDMTD_Array_inst/ddmtd_inst[0].DDMTD_i/data_in_fifo_reg/C (clocked by clk_out1_clock_pll) and DDMTD_Array_inst/ddmtd_inst[1].DDMTD_i/FIFO_10_inst/U0/inst_fifo_gen/gconvfifo.rf/gbi.bi/v8_fifo.fblk/rst_val_sym.gextw_sym[8].inst_extd/gmult_prim.gll_chain.gp1[7].gbldc_reg.inst_prim/gf36e2_inst.sngfifo36e2/RDEN (clocked by clk_out2_clock_pll). Large setup violations at the end of those stages might be difficult to fix during the post-placement implementation flow and could be the result of non-optimal XDC constraints or non-optimal design architecture
Related violations: <none>

TIMING-16#96 Warning
Large setup violation  
There is a large setup violation of -1.362 ns between enable_sampling_logic_reg_replica/C (clocked by clk_out1_clock_pll) and DDMTD_Array_inst/ddmtd_inst[0].DDMTD_i/FIFO_10_inst/U0/inst_fifo_gen/gconvfifo.rf/gbi.bi/v8_fifo.fblk/rst_val_sym.gextw_sym[1].inst_extd/gmult_prim.gll_chain.gp1[5].gbldc_reg.inst_prim/gf36e2_inst.sngfifo36e2/RDEN (clocked by clk_out2_clock_pll). Large setup violations at the end of those stages might be difficult to fix during the post-placement implementation flow and could be the result of non-optimal XDC constraints or non-optimal design architecture
Related violations: <none>

TIMING-16#97 Warning
Large setup violation  
There is a large setup violation of -1.366 ns between enable_sampling_logic_reg_replica/C (clocked by clk_out1_clock_pll) and DDMTD_Array_inst/ddmtd_inst[0].DDMTD_i/FIFO_10_inst/U0/inst_fifo_gen/gconvfifo.rf/gbi.bi/v8_fifo.fblk/rst_val_sym.gextw_sym[6].inst_extd/gmult_prim.gll_chain.gp1[6].gbldc_reg.inst_prim/gf36e2_inst.sngfifo36e2/RDEN (clocked by clk_out2_clock_pll). Large setup violations at the end of those stages might be difficult to fix during the post-placement implementation flow and could be the result of non-optimal XDC constraints or non-optimal design architecture
Related violations: <none>

TIMING-16#98 Warning
Large setup violation  
There is a large setup violation of -1.368 ns between enable_sampling_logic_reg_replica/C (clocked by clk_out1_clock_pll) and DDMTD_Array_inst/ddmtd_inst[0].DDMTD_i/FIFO_10_inst/U0/inst_fifo_gen/gconvfifo.rf/gbi.bi/v8_fifo.fblk/rst_val_sym.gextw_sym[6].inst_extd/gmult_prim.gll_chain.gp1[5].gbldc_reg.inst_prim/gf36e2_inst.sngfifo36e2/RDEN (clocked by clk_out2_clock_pll). Large setup violations at the end of those stages might be difficult to fix during the post-placement implementation flow and could be the result of non-optimal XDC constraints or non-optimal design architecture
Related violations: <none>

TIMING-16#99 Warning
Large setup violation  
There is a large setup violation of -1.369 ns between enable_sampling_logic_reg_replica/C (clocked by clk_out1_clock_pll) and DDMTD_Array_inst/ddmtd_inst[0].DDMTD_i/FIFO_10_inst/U0/inst_fifo_gen/gconvfifo.rf/gbi.bi/v8_fifo.fblk/rst_val_sym.gextw_sym[5].inst_extd/gmult_prim.gll_chain.gp1[3].gbldc_reg.inst_prim/gf36e2_inst.sngfifo36e2/RDEN (clocked by clk_out2_clock_pll). Large setup violations at the end of those stages might be difficult to fix during the post-placement implementation flow and could be the result of non-optimal XDC constraints or non-optimal design architecture
Related violations: <none>

TIMING-16#100 Warning
Large setup violation  
There is a large setup violation of -1.371 ns between enable_sampling_logic_reg_replica/C (clocked by clk_out1_clock_pll) and DDMTD_Array_inst/ddmtd_inst[0].DDMTD_i/FIFO_10_inst/U0/inst_fifo_gen/gconvfifo.rf/gbi.bi/v8_fifo.fblk/rst_val_sym.gextw_sym[4].inst_extd/gmult_prim.gll_chain.gp1[5].gbldc_reg.inst_prim/gf36e2_inst.sngfifo36e2/RDEN (clocked by clk_out2_clock_pll). Large setup violations at the end of those stages might be difficult to fix during the post-placement implementation flow and could be the result of non-optimal XDC constraints or non-optimal design architecture
Related violations: <none>

TIMING-16#101 Warning
Large setup violation  
There is a large setup violation of -1.372 ns between DDMTD_Array_inst/ddmtd_inst[0].DDMTD_i/data_in_fifo_reg/C (clocked by clk_out1_clock_pll) and DDMTD_Array_inst/ddmtd_inst[1].DDMTD_i/FIFO_10_inst/U0/inst_fifo_gen/gconvfifo.rf/gbi.bi/v8_fifo.fblk/rst_val_sym.gextw_sym[3].inst_extd/gmult_prim.gll_chain.gp1[4].gbldc_reg.inst_prim/gf36e2_inst.sngfifo36e2/RDEN (clocked by clk_out2_clock_pll). Large setup violations at the end of those stages might be difficult to fix during the post-placement implementation flow and could be the result of non-optimal XDC constraints or non-optimal design architecture
Related violations: <none>

TIMING-16#102 Warning
Large setup violation  
There is a large setup violation of -1.373 ns between enable_sampling_logic_reg_replica/C (clocked by clk_out1_clock_pll) and DDMTD_Array_inst/ddmtd_inst[0].DDMTD_i/FIFO_10_inst/U0/inst_fifo_gen/gconvfifo.rf/gbi.bi/v8_fifo.fblk/rst_val_sym.gextw_sym[5].inst_extd/gmult_prim.gll_chain.gp1[6].gbldc_reg.inst_prim/gf36e2_inst.sngfifo36e2/RDEN (clocked by clk_out2_clock_pll). Large setup violations at the end of those stages might be difficult to fix during the post-placement implementation flow and could be the result of non-optimal XDC constraints or non-optimal design architecture
Related violations: <none>

TIMING-16#103 Warning
Large setup violation  
There is a large setup violation of -1.378 ns between DDMTD_Array_inst/ddmtd_inst[0].DDMTD_i/data_in_fifo_reg/C (clocked by clk_out1_clock_pll) and DDMTD_Array_inst/ddmtd_inst[1].DDMTD_i/FIFO_10_inst/U0/inst_fifo_gen/gconvfifo.rf/gbi.bi/v8_fifo.fblk/rst_val_sym.gextw_sym[4].inst_extd/gmult_prim.gll_chain.gp1[2].gbldc_reg.inst_prim/gf36e2_inst.sngfifo36e2/RDEN (clocked by clk_out2_clock_pll). Large setup violations at the end of those stages might be difficult to fix during the post-placement implementation flow and could be the result of non-optimal XDC constraints or non-optimal design architecture
Related violations: <none>

TIMING-16#104 Warning
Large setup violation  
There is a large setup violation of -1.378 ns between DDMTD_Array_inst/ddmtd_inst[0].DDMTD_i/data_in_fifo_reg/C (clocked by clk_out1_clock_pll) and DDMTD_Array_inst/ddmtd_inst[1].DDMTD_i/FIFO_10_inst/U0/inst_fifo_gen/gconvfifo.rf/gbi.bi/v8_fifo.fblk/rst_val_sym.gextw_sym[6].inst_extd/gmult_prim.gll_chain.gp1[6].gbldc_reg.inst_prim/gf36e2_inst.sngfifo36e2/RDEN (clocked by clk_out2_clock_pll). Large setup violations at the end of those stages might be difficult to fix during the post-placement implementation flow and could be the result of non-optimal XDC constraints or non-optimal design architecture
Related violations: <none>

TIMING-16#105 Warning
Large setup violation  
There is a large setup violation of -1.380 ns between DDMTD_Array_inst/ddmtd_inst[0].DDMTD_i/data_in_fifo_reg/C (clocked by clk_out1_clock_pll) and DDMTD_Array_inst/ddmtd_inst[1].DDMTD_i/FIFO_10_inst/U0/inst_fifo_gen/gconvfifo.rf/gbi.bi/v8_fifo.fblk/rst_val_sym.gextw_sym[8].inst_extd/gmult_prim.gll_chain.gp1[0].gbldc_reg.inst_prim/gf36e2_inst.sngfifo36e2/RDEN (clocked by clk_out2_clock_pll). Large setup violations at the end of those stages might be difficult to fix during the post-placement implementation flow and could be the result of non-optimal XDC constraints or non-optimal design architecture
Related violations: <none>

TIMING-16#106 Warning
Large setup violation  
There is a large setup violation of -1.382 ns between DDMTD_Array_inst/ddmtd_inst[0].DDMTD_i/data_in_fifo_reg/C (clocked by clk_out1_clock_pll) and DDMTD_Array_inst/ddmtd_inst[1].DDMTD_i/FIFO_10_inst/U0/inst_fifo_gen/gconvfifo.rf/gbi.bi/v8_fifo.fblk/rst_val_sym.gextw_sym[4].inst_extd/gmult_prim.gll_chain.gp1[4].gbldc_reg.inst_prim/gf36e2_inst.sngfifo36e2/RDEN (clocked by clk_out2_clock_pll). Large setup violations at the end of those stages might be difficult to fix during the post-placement implementation flow and could be the result of non-optimal XDC constraints or non-optimal design architecture
Related violations: <none>

TIMING-16#107 Warning
Large setup violation  
There is a large setup violation of -1.383 ns between enable_sampling_logic_reg_replica/C (clocked by clk_out1_clock_pll) and DDMTD_Array_inst/ddmtd_inst[0].DDMTD_i/FIFO_10_inst/U0/inst_fifo_gen/gconvfifo.rf/gbi.bi/v8_fifo.fblk/rst_val_sym.gextw_sym[7].inst_extd/gmult_prim.gll_chain.gp1[4].gbldc_reg.inst_prim/gf36e2_inst.sngfifo36e2/RDEN (clocked by clk_out2_clock_pll). Large setup violations at the end of those stages might be difficult to fix during the post-placement implementation flow and could be the result of non-optimal XDC constraints or non-optimal design architecture
Related violations: <none>

TIMING-16#108 Warning
Large setup violation  
There is a large setup violation of -1.386 ns between DDMTD_Array_inst/ddmtd_inst[0].DDMTD_i/data_in_fifo_reg/C (clocked by clk_out1_clock_pll) and DDMTD_Array_inst/ddmtd_inst[1].DDMTD_i/FIFO_10_inst/U0/inst_fifo_gen/gconvfifo.rf/gbi.bi/v8_fifo.fblk/rst_val_sym.gextw_sym[2].inst_extd/gmult_prim.gll_chain.gp1[5].gbldc_reg.inst_prim/gf36e2_inst.sngfifo36e2/RDEN (clocked by clk_out2_clock_pll). Large setup violations at the end of those stages might be difficult to fix during the post-placement implementation flow and could be the result of non-optimal XDC constraints or non-optimal design architecture
Related violations: <none>

TIMING-16#109 Warning
Large setup violation  
There is a large setup violation of -1.390 ns between enable_sampling_logic_reg_replica/C (clocked by clk_out1_clock_pll) and DDMTD_Array_inst/ddmtd_inst[0].DDMTD_i/FIFO_10_inst/U0/inst_fifo_gen/gconvfifo.rf/gbi.bi/v8_fifo.fblk/rst_val_sym.gextw_sym[3].inst_extd/gmult_prim.gll_chain.gp1[6].gbldc_reg.inst_prim/gf36e2_inst.sngfifo36e2/RDEN (clocked by clk_out2_clock_pll). Large setup violations at the end of those stages might be difficult to fix during the post-placement implementation flow and could be the result of non-optimal XDC constraints or non-optimal design architecture
Related violations: <none>

TIMING-16#110 Warning
Large setup violation  
There is a large setup violation of -1.391 ns between DDMTD_Array_inst/ddmtd_inst[0].DDMTD_i/data_in_fifo_reg/C (clocked by clk_out1_clock_pll) and DDMTD_Array_inst/ddmtd_inst[1].DDMTD_i/FIFO_10_inst/U0/inst_fifo_gen/gconvfifo.rf/gbi.bi/v8_fifo.fblk/rst_val_sym.gextw_sym[4].inst_extd/gmult_prim.gll_chain.gp1[3].gbldc_reg.inst_prim/gf36e2_inst.sngfifo36e2/RDEN (clocked by clk_out2_clock_pll). Large setup violations at the end of those stages might be difficult to fix during the post-placement implementation flow and could be the result of non-optimal XDC constraints or non-optimal design architecture
Related violations: <none>

TIMING-16#111 Warning
Large setup violation  
There is a large setup violation of -1.392 ns between enable_sampling_logic_reg_replica/C (clocked by clk_out1_clock_pll) and DDMTD_Array_inst/ddmtd_inst[0].DDMTD_i/FIFO_10_inst/U0/inst_fifo_gen/gconvfifo.rf/gbi.bi/v8_fifo.fblk/rst_val_sym.gextw_sym[8].inst_extd/gmult_prim.gll_chain.gp1[5].gbldc_reg.inst_prim/gf36e2_inst.sngfifo36e2/RDEN (clocked by clk_out2_clock_pll). Large setup violations at the end of those stages might be difficult to fix during the post-placement implementation flow and could be the result of non-optimal XDC constraints or non-optimal design architecture
Related violations: <none>

TIMING-16#112 Warning
Large setup violation  
There is a large setup violation of -1.393 ns between DDMTD_Array_inst/ddmtd_inst[0].DDMTD_i/data_in_fifo_reg/C (clocked by clk_out1_clock_pll) and DDMTD_Array_inst/ddmtd_inst[1].DDMTD_i/FIFO_10_inst/U0/inst_fifo_gen/gconvfifo.rf/gbi.bi/v8_fifo.fblk/rst_val_sym.gextw_sym[4].inst_extd/gmult_prim.gll_chain.gp1[6].gbldc_reg.inst_prim/gf36e2_inst.sngfifo36e2/RDEN (clocked by clk_out2_clock_pll). Large setup violations at the end of those stages might be difficult to fix during the post-placement implementation flow and could be the result of non-optimal XDC constraints or non-optimal design architecture
Related violations: <none>

TIMING-16#113 Warning
Large setup violation  
There is a large setup violation of -1.394 ns between enable_sampling_logic_reg_replica/C (clocked by clk_out1_clock_pll) and DDMTD_Array_inst/ddmtd_inst[0].DDMTD_i/FIFO_10_inst/U0/inst_fifo_gen/gconvfifo.rf/gbi.bi/v8_fifo.fblk/rst_val_sym.gextw_sym[2].inst_extd/gmult_prim.gll_chain.gp1[4].gbldc_reg.inst_prim/gf36e2_inst.sngfifo36e2/RDEN (clocked by clk_out2_clock_pll). Large setup violations at the end of those stages might be difficult to fix during the post-placement implementation flow and could be the result of non-optimal XDC constraints or non-optimal design architecture
Related violations: <none>

TIMING-16#114 Warning
Large setup violation  
There is a large setup violation of -1.396 ns between enable_sampling_logic_reg_replica/C (clocked by clk_out1_clock_pll) and DDMTD_Array_inst/ddmtd_inst[0].DDMTD_i/FIFO_10_inst/U0/inst_fifo_gen/gconvfifo.rf/gbi.bi/v8_fifo.fblk/rst_val_sym.gextw_sym[8].inst_extd/gmult_prim.gll_chain.gp1[1].gbldc_reg.inst_prim/gf36e2_inst.sngfifo36e2/RDEN (clocked by clk_out2_clock_pll). Large setup violations at the end of those stages might be difficult to fix during the post-placement implementation flow and could be the result of non-optimal XDC constraints or non-optimal design architecture
Related violations: <none>

TIMING-16#115 Warning
Large setup violation  
There is a large setup violation of -1.399 ns between enable_sampling_logic_reg_replica/C (clocked by clk_out1_clock_pll) and DDMTD_Array_inst/ddmtd_inst[0].DDMTD_i/FIFO_10_inst/U0/inst_fifo_gen/gconvfifo.rf/gbi.bi/v8_fifo.fblk/rst_val_sym.gextw_sym[3].inst_extd/gmult_prim.gll_chain.gp1[5].gbldc_reg.inst_prim/gf36e2_inst.sngfifo36e2/RDEN (clocked by clk_out2_clock_pll). Large setup violations at the end of those stages might be difficult to fix during the post-placement implementation flow and could be the result of non-optimal XDC constraints or non-optimal design architecture
Related violations: <none>

TIMING-16#116 Warning
Large setup violation  
There is a large setup violation of -1.402 ns between enable_sampling_logic_reg_replica/C (clocked by clk_out1_clock_pll) and DDMTD_Array_inst/ddmtd_inst[0].DDMTD_i/FIFO_10_inst/U0/inst_fifo_gen/gconvfifo.rf/gbi.bi/v8_fifo.fblk/rst_val_sym.gextw_sym[6].inst_extd/gmult_prim.gll_chain.gp1[7].gbldc_reg.inst_prim/gf36e2_inst.sngfifo36e2/RDEN (clocked by clk_out2_clock_pll). Large setup violations at the end of those stages might be difficult to fix during the post-placement implementation flow and could be the result of non-optimal XDC constraints or non-optimal design architecture
Related violations: <none>

TIMING-16#117 Warning
Large setup violation  
There is a large setup violation of -1.406 ns between enable_sampling_logic_reg_replica/C (clocked by clk_out1_clock_pll) and DDMTD_Array_inst/ddmtd_inst[0].DDMTD_i/FIFO_10_inst/U0/inst_fifo_gen/gconvfifo.rf/gbi.bi/v8_fifo.fblk/rst_val_sym.gextw_sym[5].inst_extd/gmult_prim.gll_chain.gp1[0].gbldc_reg.inst_prim/gf36e2_inst.sngfifo36e2/RDEN (clocked by clk_out2_clock_pll). Large setup violations at the end of those stages might be difficult to fix during the post-placement implementation flow and could be the result of non-optimal XDC constraints or non-optimal design architecture
Related violations: <none>

TIMING-16#118 Warning
Large setup violation  
There is a large setup violation of -1.406 ns between enable_sampling_logic_reg_replica/C (clocked by clk_out1_clock_pll) and DDMTD_Array_inst/ddmtd_inst[0].DDMTD_i/FIFO_10_inst/U0/inst_fifo_gen/gconvfifo.rf/gbi.bi/v8_fifo.fblk/rst_val_sym.gextw_sym[5].inst_extd/gmult_prim.gll_chain.gp1[5].gbldc_reg.inst_prim/gf36e2_inst.sngfifo36e2/RDEN (clocked by clk_out2_clock_pll). Large setup violations at the end of those stages might be difficult to fix during the post-placement implementation flow and could be the result of non-optimal XDC constraints or non-optimal design architecture
Related violations: <none>

TIMING-16#119 Warning
Large setup violation  
There is a large setup violation of -1.407 ns between DDMTD_Array_inst/ddmtd_inst[0].DDMTD_i/FIFO_10_inst/U0/inst_fifo_gen/gconvfifo.rf/gbi.bi/v8_fifo.fblk/rst_val_sym.gextw_sym[8].inst_extd/gmult_prim.gll_chain.gp1[7].gbldc_reg.inst_prim/gf36e2_inst.sngfifo36e2/RDCLK (clocked by clk_out2_clock_pll) and DDMTD_Array_inst/ddmtd_inst[0].DDMTD_i/FIFO_10_inst/U0/inst_fifo_gen/gconvfifo.rf/gbi.bi/v8_fifo.fblk/rst_val_sym.gextw_sym[8].inst_extd/gmult_prim.gll_chain.gp1[4].gbldc_reg.inst_prim/gf36e2_inst.sngfifo36e2/RDEN (clocked by clk_out2_clock_pll). Large setup violations at the end of those stages might be difficult to fix during the post-placement implementation flow and could be the result of non-optimal XDC constraints or non-optimal design architecture
Related violations: <none>

TIMING-16#120 Warning
Large setup violation  
There is a large setup violation of -1.407 ns between enable_sampling_logic_reg_replica/C (clocked by clk_out1_clock_pll) and DDMTD_Array_inst/ddmtd_inst[0].DDMTD_i/FIFO_10_inst/U0/inst_fifo_gen/gconvfifo.rf/gbi.bi/v8_fifo.fblk/rst_val_sym.gextw_sym[5].inst_extd/gmult_prim.gll_chain.gp1[2].gbldc_reg.inst_prim/gf36e2_inst.sngfifo36e2/RDEN (clocked by clk_out2_clock_pll). Large setup violations at the end of those stages might be difficult to fix during the post-placement implementation flow and could be the result of non-optimal XDC constraints or non-optimal design architecture
Related violations: <none>

TIMING-16#121 Warning
Large setup violation  
There is a large setup violation of -1.407 ns between enable_sampling_logic_reg_replica/C (clocked by clk_out1_clock_pll) and DDMTD_Array_inst/ddmtd_inst[0].DDMTD_i/FIFO_10_inst/U0/inst_fifo_gen/gconvfifo.rf/gbi.bi/v8_fifo.fblk/rst_val_sym.gextw_sym[8].inst_extd/gmult_prim.gll_chain.gp1[7].gbldc_reg.inst_prim/gf36e2_inst.sngfifo36e2/RDEN (clocked by clk_out2_clock_pll). Large setup violations at the end of those stages might be difficult to fix during the post-placement implementation flow and could be the result of non-optimal XDC constraints or non-optimal design architecture
Related violations: <none>

TIMING-16#122 Warning
Large setup violation  
There is a large setup violation of -1.408 ns between DDMTD_Array_inst/ddmtd_inst[0].DDMTD_i/data_in_fifo_reg/C (clocked by clk_out1_clock_pll) and DDMTD_Array_inst/ddmtd_inst[1].DDMTD_i/FIFO_10_inst/U0/inst_fifo_gen/gconvfifo.rf/gbi.bi/v8_fifo.fblk/rst_val_sym.gextw_sym[2].inst_extd/gmult_prim.gll_chain.gp1[6].gbldc_reg.inst_prim/gf36e2_inst.sngfifo36e2/RDEN (clocked by clk_out2_clock_pll). Large setup violations at the end of those stages might be difficult to fix during the post-placement implementation flow and could be the result of non-optimal XDC constraints or non-optimal design architecture
Related violations: <none>

TIMING-16#123 Warning
Large setup violation  
There is a large setup violation of -1.412 ns between enable_sampling_logic_reg_replica/C (clocked by clk_out1_clock_pll) and DDMTD_Array_inst/ddmtd_inst[0].DDMTD_i/FIFO_10_inst/U0/inst_fifo_gen/gconvfifo.rf/gbi.bi/v8_fifo.fblk/rst_val_sym.gextw_sym[5].inst_extd/gmult_prim.gll_chain.gp1[7].gbldc_reg.inst_prim/gf36e2_inst.sngfifo36e2/RDEN (clocked by clk_out2_clock_pll). Large setup violations at the end of those stages might be difficult to fix during the post-placement implementation flow and could be the result of non-optimal XDC constraints or non-optimal design architecture
Related violations: <none>

TIMING-16#124 Warning
Large setup violation  
There is a large setup violation of -1.413 ns between enable_sampling_logic_reg_replica/C (clocked by clk_out1_clock_pll) and DDMTD_Array_inst/ddmtd_inst[0].DDMTD_i/FIFO_10_inst/U0/inst_fifo_gen/gconvfifo.rf/gbi.bi/v8_fifo.fblk/rst_val_sym.gextw_sym[5].inst_extd/gmult_prim.gll_chain.gp1[4].gbldc_reg.inst_prim/gf36e2_inst.sngfifo36e2/RDEN (clocked by clk_out2_clock_pll). Large setup violations at the end of those stages might be difficult to fix during the post-placement implementation flow and could be the result of non-optimal XDC constraints or non-optimal design architecture
Related violations: <none>

TIMING-16#125 Warning
Large setup violation  
There is a large setup violation of -1.413 ns between enable_sampling_logic_reg_replica/C (clocked by clk_out1_clock_pll) and DDMTD_Array_inst/ddmtd_inst[0].DDMTD_i/FIFO_10_inst/U0/inst_fifo_gen/gconvfifo.rf/gbi.bi/v8_fifo.fblk/rst_val_sym.gextw_sym[7].inst_extd/gmult_prim.gll_chain.gp1[5].gbldc_reg.inst_prim/gf36e2_inst.sngfifo36e2/RDEN (clocked by clk_out2_clock_pll). Large setup violations at the end of those stages might be difficult to fix during the post-placement implementation flow and could be the result of non-optimal XDC constraints or non-optimal design architecture
Related violations: <none>

TIMING-18#1 Warning
Missing input or output delay  
An input delay is missing on BEAT0_Q1_N relative to clock(s) CLK_REF_P
Related violations: <none>

TIMING-18#2 Warning
Missing input or output delay  
An input delay is missing on BEAT0_Q1_P relative to clock(s) CLK_REF_P
Related violations: <none>

TIMING-18#3 Warning
Missing input or output delay  
An input delay is missing on BEAT1_Q1_N relative to clock(s) CLK_REF_P
Related violations: <none>

TIMING-18#4 Warning
Missing input or output delay  
An input delay is missing on BEAT1_Q1_P relative to clock(s) CLK_REF_P
Related violations: <none>


