Copyright 1986-2019 Xilinx, Inc. All Rights Reserved.
-----------------------------------------------------------------------------------------------------
| Tool Version : Vivado v.2019.2 (lin64) Build 2708876 Wed Nov  6 21:39:14 MST 2019
| Date         : Sun Aug 16 19:58:38 2020
| Host         : rsaradhy-acer running 64-bit Ubuntu 18.04.5 LTS
| Command      : report_utilization -file main_utilization_placed.rpt -pb main_utilization_placed.pb
| Design       : main
| Device       : xczu2cgsfvc784-1
| Design State : Fully Placed
-----------------------------------------------------------------------------------------------------

Utilization Design Information

Table of Contents
-----------------
1. CLB Logic
1.1 Summary of Registers by Type
2. CLB Logic Distribution
3. BLOCKRAM
4. ARITHMETIC
5. I/O
6. CLOCK
7. ADVANCED
8. CONFIGURATION
9. Primitives
10. Black Boxes
11. Instantiated Netlists

1. CLB Logic
------------

+----------------------------+------+-------+-----------+-------+
|          Site Type         | Used | Fixed | Available | Util% |
+----------------------------+------+-------+-----------+-------+
| CLB LUTs                   | 1939 |     0 |     47232 |  4.11 |
|   LUT as Logic             | 1647 |     0 |     47232 |  3.49 |
|   LUT as Memory            |  292 |     0 |     28800 |  1.01 |
|     LUT as Distributed RAM |  152 |     0 |           |       |
|     LUT as Shift Register  |  140 |     0 |           |       |
| CLB Registers              | 3006 |     0 |     94464 |  3.18 |
|   Register as Flip Flop    | 3006 |     0 |     94464 |  3.18 |
|   Register as Latch        |    0 |     0 |     94464 |  0.00 |
| CARRY8                     |   20 |     0 |      8820 |  0.23 |
| F7 Muxes                   |    0 |     0 |     35280 |  0.00 |
| F8 Muxes                   |    0 |     0 |     17640 |  0.00 |
| F9 Muxes                   |    0 |     0 |      8820 |  0.00 |
+----------------------------+------+-------+-----------+-------+


1.1 Summary of Registers by Type
--------------------------------

+-------+--------------+-------------+--------------+
| Total | Clock Enable | Synchronous | Asynchronous |
+-------+--------------+-------------+--------------+
| 0     |            _ |           - |            - |
| 0     |            _ |           - |          Set |
| 0     |            _ |           - |        Reset |
| 0     |            _ |         Set |            - |
| 0     |            _ |       Reset |            - |
| 0     |          Yes |           - |            - |
| 0     |          Yes |           - |          Set |
| 0     |          Yes |           - |        Reset |
| 133   |          Yes |         Set |            - |
| 2873  |          Yes |       Reset |            - |
+-------+--------------+-------------+--------------+


2. CLB Logic Distribution
-------------------------

+--------------------------------------------+------+-------+-----------+-------+
|                  Site Type                 | Used | Fixed | Available | Util% |
+--------------------------------------------+------+-------+-----------+-------+
| CLB                                        |  496 |     0 |      8820 |  5.62 |
|   CLBL                                     |  294 |     0 |           |       |
|   CLBM                                     |  202 |     0 |           |       |
| LUT as Logic                               | 1647 |     0 |     47232 |  3.49 |
|   using O5 output only                     |  109 |       |           |       |
|   using O6 output only                     | 1038 |       |           |       |
|   using O5 and O6                          |  500 |       |           |       |
| LUT as Memory                              |  292 |     0 |     28800 |  1.01 |
|   LUT as Distributed RAM                   |  152 |     0 |           |       |
|     using O5 output only                   |    0 |       |           |       |
|     using O6 output only                   |    0 |       |           |       |
|     using O5 and O6                        |  152 |       |           |       |
|   LUT as Shift Register                    |  140 |     0 |           |       |
|     using O5 output only                   |    0 |       |           |       |
|     using O6 output only                   |   99 |       |           |       |
|     using O5 and O6                        |   41 |       |           |       |
| CLB Registers                              | 3006 |     0 |     94464 |  3.18 |
|   Register driven from within the CLB      | 1575 |       |           |       |
|   Register driven from outside the CLB     | 1431 |       |           |       |
|     LUT in front of the register is unused | 1143 |       |           |       |
|     LUT in front of the register is used   |  288 |       |           |       |
| Unique Control Sets                        |  167 |       |     17640 |  0.95 |
+--------------------------------------------+------+-------+-----------+-------+
* Note: Available Control Sets calculated as CLB Registers / 8, Review the Control Sets Report for more information regarding control sets.


3. BLOCKRAM
-----------

+-------------------+------+-------+-----------+-------+
|     Site Type     | Used | Fixed | Available | Util% |
+-------------------+------+-------+-----------+-------+
| Block RAM Tile    |   21 |     0 |       150 | 14.00 |
|   RAMB36/FIFO*    |   21 |     0 |       150 | 14.00 |
|     FIFO36E2 only |   20 |       |           |       |
|     RAMB36E2 only |    1 |       |           |       |
|   RAMB18          |    0 |     0 |       300 |  0.00 |
+-------------------+------+-------+-----------+-------+
* Note: Each Block RAM Tile only has one FIFO logic available and therefore can accommodate only one FIFO36E2 or one FIFO18E2. However, if a FIFO18E2 occupies a Block RAM Tile, that tile can still accommodate a RAMB18E2


4. ARITHMETIC
-------------

+----------------+------+-------+-----------+-------+
|    Site Type   | Used | Fixed | Available | Util% |
+----------------+------+-------+-----------+-------+
| DSPs           |    1 |     0 |       240 |  0.42 |
|   DSP48E2 only |    1 |       |           |       |
+----------------+------+-------+-----------+-------+


5. I/O
------

+------------------+------+-------+-----------+-------+
|     Site Type    | Used | Fixed | Available | Util% |
+------------------+------+-------+-----------+-------+
| Bonded IOB       |    0 |     0 |       252 |  0.00 |
| HPIOB_M          |    0 |     0 |        72 |  0.00 |
| HPIOB_S          |    0 |     0 |        72 |  0.00 |
| HDIOB_M          |    0 |     0 |        48 |  0.00 |
| HDIOB_S          |    0 |     0 |        48 |  0.00 |
| HPIOB_SNGL       |    0 |     0 |        12 |  0.00 |
| HPIOBDIFFINBUF   |    0 |     0 |        72 |  0.00 |
| HPIOBDIFFOUTBUF  |    0 |     0 |        72 |  0.00 |
| HDIOBDIFFINBUF   |    0 |     0 |        48 |  0.00 |
| BITSLICE_CONTROL |    0 |     0 |        24 |  0.00 |
| BITSLICE_RX_TX   |    0 |     0 |       156 |  0.00 |
| BITSLICE_TX      |    0 |     0 |        24 |  0.00 |
| RIU_OR           |    0 |     0 |        12 |  0.00 |
+------------------+------+-------+-----------+-------+


6. CLOCK
--------

+----------------------+------+-------+-----------+-------+
|       Site Type      | Used | Fixed | Available | Util% |
+----------------------+------+-------+-----------+-------+
| GLOBAL CLOCK BUFFERs |    1 |     0 |       196 |  0.51 |
|   BUFGCE             |    0 |     0 |        88 |  0.00 |
|   BUFGCE_DIV         |    0 |     0 |        12 |  0.00 |
|   BUFG_PS            |    1 |     0 |        72 |  1.39 |
|   BUFGCTRL*          |    0 |     0 |        24 |  0.00 |
| PLL                  |    0 |     0 |         6 |  0.00 |
| MMCM                 |    0 |     0 |         3 |  0.00 |
+----------------------+------+-------+-----------+-------+
* Note: Each used BUFGCTRL counts as two GLOBAL CLOCK BUFFERs. This table does not include global clocking resources, only buffer cell usage. See the Clock Utilization Report (report_clock_utilization) for detailed accounting of global clocking resource availability.


7. ADVANCED
-----------

+-----------+------+-------+-----------+--------+
| Site Type | Used | Fixed | Available |  Util% |
+-----------+------+-------+-----------+--------+
| PS8       |    1 |     0 |         1 | 100.00 |
| SYSMONE4  |    0 |     0 |         1 |   0.00 |
+-----------+------+-------+-----------+--------+


8. CONFIGURATION
----------------

+-------------+------+-------+-----------+-------+
|  Site Type  | Used | Fixed | Available | Util% |
+-------------+------+-------+-----------+-------+
| BSCANE2     |    0 |     0 |         4 |  0.00 |
| DNA_PORTE2  |    0 |     0 |         1 |  0.00 |
| EFUSE_USR   |    0 |     0 |         1 |  0.00 |
| FRAME_ECCE4 |    0 |     0 |         1 |  0.00 |
| ICAPE3      |    0 |     0 |         2 |  0.00 |
| MASTER_JTAG |    0 |     0 |         1 |  0.00 |
| STARTUPE3   |    0 |     0 |         1 |  0.00 |
+-------------+------+-------+-----------+-------+


9. Primitives
-------------

+----------+------+---------------------+
| Ref Name | Used | Functional Category |
+----------+------+---------------------+
| FDRE     | 2873 |            Register |
| LUT3     |  631 |                 CLB |
| LUT6     |  421 |                 CLB |
| LUT4     |  366 |                 CLB |
| LUT5     |  362 |                 CLB |
| LUT2     |  307 |                 CLB |
| RAMD32   |  266 |                 CLB |
| FDSE     |  133 |            Register |
| SRL16E   |  130 |                 CLB |
| LUT1     |   60 |                 CLB |
| SRLC32E  |   51 |                 CLB |
| RAMS32   |   38 |                 CLB |
| FIFO36E2 |   20 |           Block Ram |
| CARRY8   |   20 |                 CLB |
| RAMB36E2 |    1 |           Block Ram |
| PS8      |    1 |            Advanced |
| DSP48E2  |    1 |          Arithmetic |
| BUFG_PS  |    1 |               Clock |
+----------+------+---------------------+


10. Black Boxes
---------------

+----------+------+
| Ref Name | Used |
+----------+------+


11. Instantiated Netlists
-------------------------

+------------------------------+------+
|           Ref Name           | Used |
+------------------------------+------+
| design_1_zynq_ultra_ps_e_0_0 |    1 |
| design_1_xbar_0              |    1 |
| design_1_rst_ps8_0_100M_0    |    1 |
| design_1_data_transfer_0_0   |    1 |
| design_1_axi_smc_0           |    1 |
| design_1_axi_gpio_0_0        |    1 |
| design_1_axi_dma_0_0         |    1 |
| design_1_auto_pc_0           |    1 |
+------------------------------+------+


