#-----------------------------------------------------------
# Vivado v2019.2 (64-bit)
# SW Build 2708876 on Wed Nov  6 21:39:14 MST 2019
# IP Build 2700528 on Thu Nov  7 00:09:20 MST 2019
# Start of session at: Wed Jul  8 15:30:32 2020
# Process ID: 11215
# Current directory: /home/rsaradhy/Work/trenz/vivado/project_1
# Command line: vivado project_1.xpr
# Log file: /home/rsaradhy/Work/trenz/vivado/project_1/vivado.log
# Journal file: /home/rsaradhy/Work/trenz/vivado/project_1/vivado.jou
#-----------------------------------------------------------
start_gui
open_project project_1.xpr
open_bd_design {/home/rsaradhy/Work/trenz/vivado/project_1/project_1.srcs/sources_1/bd/design_1/design_1.bd}
update_compile_order -fileset sources_1
reset_run synth_1
reset_run design_1_xbar_0_synth_1
launch_runs impl_1 -to_step write_bitstream -jobs 11
wait_on_run impl_1
write_hw_platform -fixed -force  -include_bit -file /home/rsaradhy/Work/trenz/vivado/project_1/main.xsa
open_bd_design {/home/rsaradhy/Work/trenz/vivado/project_1/project_1.srcs/sources_1/bd/design_1/design_1.bd}
open_bd_design {/home/rsaradhy/Work/trenz/vivado/project_1/project_1.srcs/sources_1/bd/design_1/design_1.bd}
ipx::edit_ip_in_project -upgrade true -name sample_generator_v1_0_project -directory /home/rsaradhy/Work/trenz/vivado/project_1/project_1.tmp/sample_generator_v1_0_project /home/rsaradhy/Work/trenz/mycores/ip_repo/sample_generator_1.0/component.xml
update_compile_order -fileset sources_1
close_project
reset_run synth_1
launch_runs impl_1 -to_step write_bitstream -jobs 11
wait_on_run impl_1
file mkdir /home/rsaradhy/Work/trenz/vivado/project_1/project_1.srcs/constrs_1
file mkdir /home/rsaradhy/Work/trenz/vivado/project_1/project_1.srcs/constrs_1/new
close [ open /home/rsaradhy/Work/trenz/vivado/project_1/project_1.srcs/constrs_1/new/main.xdc w ]
add_files -fileset constrs_1 /home/rsaradhy/Work/trenz/vivado/project_1/project_1.srcs/constrs_1/new/main.xdc
reset_run synth_1
launch_runs impl_1 -to_step write_bitstream -jobs 11
wait_on_run impl_1
reset_run synth_1
launch_runs impl_1 -to_step write_bitstream -jobs 11
wait_on_run impl_1
reset_run synth_1
launch_runs impl_1 -to_step write_bitstream -jobs 11
wait_on_run impl_1
reset_run synth_1
launch_runs impl_1 -to_step write_bitstream -jobs 11
wait_on_run impl_1
