sc_exit_v1_0_9_top__parameterized0: sc_exit_v1_0_9_top__parameterized0__GC0, sc_util_v1_0_4_axi_reg_stall, 
design_1_axi_smc_1: bd_6f02, 
sc_transaction_regulator_v1_0_8_multithread: sc_transaction_regulator_v1_0_8_multithread__GC0, sc_util_v1_0_4_axi_reg_stall, 
bd_6f02_s00sic_0: sc_si_converter_v1_0_9_top, 
bd_6f02_m00e_0: sc_exit_v1_0_9_top, 
sc_si_converter_v1_0_9_top: sc_si_converter_v1_0_9_top__GC0, sc_si_converter_v1_0_9_wrap_narrow, sc_si_converter_v1_0_9_splitter, 
m03_exit_pipeline_imp_S08D4T: bd_6f02_m03e_0, 
m02_exit_pipeline_imp_W4HJGD: bd_6f02_m02e_0, 
sc_mmu_v1_0_8_top: sc_mmu_v1_0_8_top__GC0, sc_util_v1_0_4_axi_reg_stall, 
bd_6f02_m02e_0: sc_exit_v1_0_9_top__parameterized0, 
s00_entry_pipeline_imp_1PSXOAM: bd_6f02_s00tr_0, bd_6f02_s00sic_0, bd_6f02_s00mmu_0, 
sc_exit_v1_0_9_top: sc_exit_v1_0_9_top__GC0, sc_util_v1_0_4_axi_reg_stall, 
bd_6f02_m03e_0: sc_exit_v1_0_9_top, 
sc_si_converter_v1_0_9_splitter: sc_si_converter_v1_0_9_splitter__GC0, sc_util_v1_0_4_axi_reg_stall, 
bd_6f02_m01e_0: sc_exit_v1_0_9_top, 
m00_exit_pipeline_imp_PYUQT9: bd_6f02_m00e_0, 
bd_6f02_s00tr_0: sc_transaction_regulator_v1_0_8_top, 
sc_transaction_regulator_v1_0_8_top: sc_transaction_regulator_v1_0_8_top__GC0, sc_transaction_regulator_v1_0_8_multithread, 
sc_si_converter_v1_0_9_wrap_narrow: sc_si_converter_v1_0_9_wrap_narrow__GC0, sc_util_v1_0_4_axi_reg_stall, 
bd_6f02_s00mmu_0: sc_mmu_v1_0_8_top, 
m01_exit_pipeline_imp_KQMHVH: bd_6f02_m01e_0, 
bd_6f02: bd_6f02__GCB2, bd_6f02__GCB1, bd_6f02__GCB0, s00_entry_pipeline_imp_1PSXOAM, m03_exit_pipeline_imp_S08D4T, m02_exit_pipeline_imp_W4HJGD, m01_exit_pipeline_imp_KQMHVH, m00_exit_pipeline_imp_PYUQT9, 
sc_util_v1_0_4_axi_reg_stall: sc_util_v1_0_4_axi_reg_stall, 
