Copyright 1986-2019 Xilinx, Inc. All Rights Reserved.
----------------------------------------------------------------------------------------------------------------------------------
| Tool Version     : Vivado v.2019.2 (lin64) Build 2708876 Wed Nov  6 21:39:14 MST 2019
| Date             : Mon Mar 15 20:05:44 2021
| Host             : havi running 64-bit Pop!_OS 20.10
| Command          : report_power -file main_power_routed.rpt -pb main_power_summary_routed.pb -rpx main_power_routed.rpx
| Design           : main
| Device           : xczu2cg-sfvc784-1-e
| Design State     : routed
| Grade            : extended
| Process          : typical
| Characterization : Production
----------------------------------------------------------------------------------------------------------------------------------

Power Report

Table of Contents
-----------------
1. Summary
1.1 On-Chip Components
1.2 Power Supply Summary
1.3 Confidence Level
2. Settings
2.1 Environment
2.2 Clock Constraints
3. Detailed Reports
3.1 By Hierarchy

1. Summary
----------

+--------------------------+--------------+
| Total On-Chip Power (W)  | 2.709        |
| Design Power Budget (W)  | Unspecified* |
| Power Budget Margin (W)  | NA           |
| Dynamic (W)              | 2.396        |
| Device Static (W)        | 0.312        |
| Effective TJA (C/W)      | 2.4          |
| Max Ambient (C)          | 93.6         |
| Junction Temperature (C) | 31.4         |
| Confidence Level         | Low          |
| Setting File             | ---          |
| Simulation Activity File | ---          |
| Design Nets Matched      | NA           |
+--------------------------+--------------+
* Specify Design Power Budget using, set_operating_conditions -design_power_budget <value in Watts>


1.1 On-Chip Components
----------------------

+--------------------------+-----------+----------+-----------+-----------------+
| On-Chip                  | Power (W) | Used     | Available | Utilization (%) |
+--------------------------+-----------+----------+-----------+-----------------+
| Clocks                   |     0.126 |        3 |       --- |             --- |
| CLB Logic                |     0.316 |    35982 |       --- |             --- |
|   LUT as Distributed RAM |     0.196 |     1968 |     28800 |            6.83 |
|   LUT as Logic           |     0.090 |     8482 |     47232 |           17.96 |
|   LUT as Shift Register  |     0.016 |      955 |     28800 |            3.32 |
|   Register               |     0.013 |    18532 |     94464 |           19.62 |
|   CARRY8                 |    <0.001 |       26 |      8820 |            0.29 |
|   BUFG                   |    <0.001 |        1 |        24 |            4.17 |
|   Others                 |     0.000 |      718 |       --- |             --- |
|   F7/F8 Muxes            |     0.000 |       13 |     70560 |            0.02 |
| Signals                  |     0.184 |    25735 |       --- |             --- |
| Block RAM                |     0.164 |       72 |       150 |           48.00 |
| I/O                      |     0.049 |       48 |       252 |           19.05 |
| PS8                      |     1.558 |        1 |       --- |             --- |
| Static Power             |     0.312 |          |           |                 |
|   PS Static              |     0.095 |          |           |                 |
|   PL Static              |     0.217 |          |           |                 |
| Total                    |     2.709 |          |           |                 |
+--------------------------+-----------+----------+-----------+-----------------+


1.2 Power Supply Summary
------------------------

+-----------------+-------------+-----------+-------------+------------+
| Source          | Voltage (V) | Total (A) | Dynamic (A) | Static (A) |
+-----------------+-------------+-----------+-------------+------------+
| Vccint          |       0.850 |     0.972 |       0.915 |      0.056 |
| Vccint_io       |       0.850 |     0.034 |       0.006 |      0.027 |
| Vccbram         |       0.850 |     0.014 |       0.013 |      0.001 |
| Vccaux          |       1.800 |     0.047 |       0.000 |      0.047 |
| Vccaux_io       |       1.800 |     0.050 |       0.024 |      0.025 |
| Vcco33          |       3.300 |     0.000 |       0.000 |      0.000 |
| Vcco25          |       2.500 |     0.000 |       0.000 |      0.000 |
| Vcco18          |       1.800 |     0.000 |       0.000 |      0.000 |
| Vcco15          |       1.500 |     0.000 |       0.000 |      0.000 |
| Vcco135         |       1.350 |     0.000 |       0.000 |      0.000 |
| Vcco12          |       1.200 |     0.000 |       0.000 |      0.000 |
| Vcco10          |       1.000 |     0.000 |       0.000 |      0.000 |
| Vccadc          |       1.800 |     0.008 |       0.000 |      0.008 |
| VCC_PSINTFP     |       0.850 |     0.376 |       0.347 |      0.029 |
| VCC_PSINTLP     |       0.850 |     0.287 |       0.280 |      0.008 |
| VPS_MGTRAVCC    |       0.850 |     0.001 |       0.000 |      0.001 |
| VCC_PSINTFP_DDR |       0.850 |     0.597 |       0.592 |      0.005 |
| VCC_PSPLL       |       1.200 |     0.057 |       0.055 |      0.002 |
| VPS_MGTRAVTT    |       1.800 |     0.001 |       0.000 |      0.001 |
| VCCO_PSDDR_504  |       1.200 |     0.401 |       0.367 |      0.034 |
| VCC_PSAUX       |       1.800 |     0.002 |       0.000 |      0.002 |
| VCC_PSBATT      |       1.200 |     0.000 |       0.000 |      0.000 |
| VCC_PSDDR_PLL   |       1.800 |     0.001 |       0.000 |      0.001 |
| VCCO_PSIO0_500  |       1.800 |     0.001 |       0.000 |      0.001 |
| VCCO_PSIO1_501  |       3.300 |     0.005 |       0.004 |      0.001 |
| VCCO_PSIO2_502  |       1.800 |     0.001 |       0.000 |      0.001 |
| VCCO_PSIO3_503  |       1.800 |     0.001 |       0.000 |      0.001 |
| VCC_PSADC       |       1.800 |     0.002 |       0.000 |      0.002 |
+-----------------+-------------+-----------+-------------+------------+


1.3 Confidence Level
--------------------

+-----------------------------+------------+--------------------------------------------------------+------------------------------------------------------------------------------------------------------------+
| User Input Data             | Confidence | Details                                                | Action                                                                                                     |
+-----------------------------+------------+--------------------------------------------------------+------------------------------------------------------------------------------------------------------------+
| Design implementation state | High       | Design is routed                                       |                                                                                                            |
| Clock nodes activity        | High       | User specified more than 95% of clocks                 |                                                                                                            |
| I/O nodes activity          | Low        | More than 75% of inputs are missing user specification | Provide missing input activity with simulation results or by editing the "By Resource Type -> I/Os" view   |
| Internal nodes activity     | Medium     | User specified less than 25% of internal nodes         | Provide missing internal nodes activity with simulation results or by editing the "By Resource Type" views |
| Device models               | High       | Device models are Production                           |                                                                                                            |
|                             |            |                                                        |                                                                                                            |
| Overall confidence level    | Low        |                                                        |                                                                                                            |
+-----------------------------+------------+--------------------------------------------------------+------------------------------------------------------------------------------------------------------------+


2. Settings
-----------

2.1 Environment
---------------

+-----------------------+--------------------------+
| Ambient Temp (C)      | 25.0                     |
| ThetaJA (C/W)         | 2.4                      |
| Airflow (LFM)         | 250                      |
| Heat Sink             | medium (Medium Profile)  |
| ThetaSA (C/W)         | 5.5                      |
| Board Selection       | medium (10"x10")         |
| # of Board Layers     | 12to15 (12 to 15 Layers) |
| Board Temperature (C) | 25.0                     |
+-----------------------+--------------------------+


2.2 Clock Constraints
---------------------

+----------+-------------------------------------------------------------------+-----------------+
| Clock    | Domain                                                            | Constraint (ns) |
+----------+-------------------------------------------------------------------+-----------------+
| clk_pl_0 | desing_ins/design_1_i/zynq_ultra_ps_e_0/inst/pl_clk_unbuffered[0] |             3.3 |
+----------+-------------------------------------------------------------------+-----------------+


3. Detailed Reports
-------------------

3.1 By Hierarchy
----------------

+-----------------------------+-----------+
| Name                        | Power (W) |
+-----------------------------+-----------+
| main                        |     2.396 |
|   DDMTD_Array_inst          |     0.013 |
|   IBUFGDS_AQ0               |     0.002 |
|   IBUFGDS_AQ1               |     0.002 |
|   IBUFGDS_AQ2               |     0.002 |
|   IBUFGDS_AQ3               |     0.002 |
|   IBUFGDS_BQ0               |     0.002 |
|   IBUFGDS_BQ1               |     0.002 |
|   IBUFGDS_BQ2               |     0.002 |
|   IBUFGDS_BQ3               |     0.002 |
|   IBUFGDS_CLK_REF           |     0.002 |
|   IBUFGDS_CQ0               |     0.002 |
|   IBUFGDS_CQ1               |     0.002 |
|   IBUFGDS_CQ2               |     0.002 |
|   IBUFGDS_CQ3               |     0.002 |
|   IBUFGDS_DQ0               |     0.002 |
|   IBUFGDS_DQ1               |     0.002 |
|   IBUFGDS_DQ2               |     0.002 |
|   IBUFGDS_DQ3               |     0.002 |
|   IBUFGDS_EQ0               |     0.002 |
|   IBUFGDS_EQ1               |     0.002 |
|   IBUFGDS_EQ2               |     0.002 |
|   IBUFGDS_EQ3               |     0.002 |
|   IBUFGDS_FQ0               |     0.002 |
|   IBUFGDS_FQ1               |     0.002 |
|   IBUFGDS_FQ2               |     0.002 |
|   desing_ins                |     2.322 |
|     design_1_i              |     2.321 |
|       axi_bram_ctrl_0       |     0.019 |
|       axi_bram_ctrl_0_bram  |     0.062 |
|       axi_bram_ctrl_0_bram1 |     0.056 |
|       axi_bram_ctrl_0_bram2 |     0.055 |
|       axi_bram_ctrl_1       |     0.019 |
|       axi_bram_ctrl_2       |     0.019 |
|       axi_gpio_0            |     0.001 |
|       axi_smc               |     0.531 |
|       zynq_ultra_ps_e_0     |     1.560 |
+-----------------------------+-----------+


